2025-12-09 07:41:21.862 [Thread-5] INFO  com.friend.friend.SettingsManager - Settings loaded from settings.json
2025-12-09 07:41:21.861 [JavaFX Application Thread] INFO  com.friend.friend.SettingsManager - Settings loaded from settings.json
2025-12-09 07:41:22.014 [JavaFX Application Thread] INFO  c.friend.friend.MergedEchoPilotApp - [MergedEchoPilotApp] Starting initialization...
2025-12-09 07:41:22.120 [Thread-5] WARN  com.friend.friend.Friend - [Main] JavaFX Platform already running or failed startup check.
java.lang.IllegalStateException: Toolkit already initialized
	at com.sun.javafx.application.PlatformImpl.startup(PlatformImpl.java:186)
	at javafx.application.Platform.startup(Platform.java:113)
	at com.friend.friend.Friend.initializeAndStartBrain(Friend.java:67)
	at com.friend.friend.MergedEchoPilotApp.lambda$0(MergedEchoPilotApp.java:155)
	at java.base/java.lang.Thread.run(Thread.java:1583)
2025-12-09 07:41:22.807 [AWT-EventQueue-0] INFO  com.friend.friend.Friend - === Friend Startup ===
2025-12-09 07:41:22.808 [AWT-EventQueue-0] INFO  com.friend.friend.Friend - [Main] Java version: 21.0.6
2025-12-09 07:41:22.808 [AWT-EventQueue-0] INFO  com.friend.friend.Friend - [Main] Initializing JavaFX bridge...
2025-12-09 07:41:22.808 [AWT-EventQueue-0] INFO  com.friend.friend.Friend - [Main] JavaFX bridge initialized (overlay may be disabled).
2025-12-09 07:41:22.808 [AWT-EventQueue-0] INFO  com.friend.friend.Friend - [Main] Creating Swing GUI...
2025-12-09 07:41:23.358 [Heavy-Init-Thread] INFO  com.friend.friend.Friend - [InitThread] Starting heavy service initialization (TTS/Recognizer)...
2025-12-09 07:41:25.739 [JavaFX Application Thread] INFO  c.friend.friend.MergedEchoPilotApp - [MergedEchoPilotApp] √ JavaFX components initialized.
2025-12-09 07:41:28.874 [JavaFX Application Thread] INFO  com.friend.friend.SettingsManager - Settings loaded from settings.json
2025-12-09 07:41:28.874 [JavaFX Application Thread] INFO  c.friend.friend.MergedEchoPilotApp - [MergedEchoPilotApp] Starting initialization...
2025-12-09 07:41:28.874 [Thread-8] INFO  com.friend.friend.SettingsManager - Settings loaded from settings.json
2025-12-09 07:41:28.875 [Thread-8] WARN  com.friend.friend.Friend - [Main] JavaFX Platform already running or failed startup check.
java.lang.IllegalStateException: Toolkit already initialized
	at com.sun.javafx.application.PlatformImpl.startup(PlatformImpl.java:186)
	at javafx.application.Platform.startup(Platform.java:113)
	at com.friend.friend.Friend.initializeAndStartBrain(Friend.java:67)
	at com.friend.friend.MergedEchoPilotApp.lambda$0(MergedEchoPilotApp.java:155)
	at java.base/java.lang.Thread.run(Thread.java:1583)
2025-12-09 07:41:28.877 [AWT-EventQueue-0] INFO  com.friend.friend.Friend - === Friend Startup ===
2025-12-09 07:41:28.877 [AWT-EventQueue-0] INFO  com.friend.friend.Friend - [Main] Java version: 21.0.6
2025-12-09 07:41:28.877 [AWT-EventQueue-0] INFO  com.friend.friend.Friend - [Main] Initializing JavaFX bridge...
2025-12-09 07:41:28.878 [AWT-EventQueue-0] INFO  com.friend.friend.Friend - [Main] JavaFX bridge initialized (overlay may be disabled).
2025-12-09 07:41:28.878 [AWT-EventQueue-0] INFO  com.friend.friend.Friend - [Main] Creating Swing GUI...
2025-12-09 07:41:29.461 [Heavy-Init-Thread] INFO  com.friend.friend.Friend - [InitThread] Starting heavy service initialization (TTS/Recognizer)...
2025-12-09 07:41:29.516 [JavaFX Application Thread] INFO  c.friend.friend.MergedEchoPilotApp - [MergedEchoPilotApp] √ JavaFX components initialized.
2025-12-09 07:41:32.388 [Heavy-Init-Thread] INFO  com.friend.friend.Friend - [InitThread] Initializing Media Commands...
2025-12-09 07:41:32.396 [Heavy-Init-Thread] INFO  com.friend.friend.Friend - [InitThread] Initializing System Commands...
2025-12-09 07:41:32.404 [Heavy-Init-Thread] INFO  com.friend.friend.Friend - [InitThread] Initializing other command groups...
2025-12-09 07:41:34.232 [Heavy-Init-Thread] INFO  com.friend.friend.PluginLoader - Plugins directory does not exist: C:\Users\nanua\OneDrive\Desktop\PROJECT\Friend\plugins
2025-12-09 07:41:34.999 [Thread-11] INFO  com.friend.friend.SettingsManager - Settings loaded from settings.json
2025-12-09 07:41:35.001 [Thread-11] WARN  com.friend.friend.Friend - [Main] JavaFX Platform already running or failed startup check.
java.lang.IllegalStateException: Toolkit already initialized
	at com.sun.javafx.application.PlatformImpl.startup(PlatformImpl.java:186)
	at javafx.application.Platform.startup(Platform.java:113)
	at com.friend.friend.Friend.initializeAndStartBrain(Friend.java:67)
	at com.friend.friend.MergedEchoPilotApp.lambda$0(MergedEchoPilotApp.java:155)
	at java.base/java.lang.Thread.run(Thread.java:1583)
2025-12-09 07:41:35.002 [JavaFX Application Thread] INFO  com.friend.friend.SettingsManager - Settings loaded from settings.json
2025-12-09 07:41:35.004 [JavaFX Application Thread] INFO  c.friend.friend.MergedEchoPilotApp - [MergedEchoPilotApp] Starting initialization...
2025-12-09 07:41:35.104 [Heavy-Init-Thread] ERROR com.friend.friend.Friend - [InitThread] Fatal error during startup
java.lang.IllegalStateException: javax.sound.sampled.LineUnavailableException: line with format PCM_SIGNED 16000.0 Hz, 16 bit, mono, 2 bytes/frame, little-endian not supported.
	at edu.cmu.sphinx.api.Microphone.<init>(Microphone.java:38)
	at edu.cmu.sphinx.api.SpeechSourceProvider.getMicrophone(SpeechSourceProvider.java:18)
	at edu.cmu.sphinx.api.LiveSpeechRecognizer.<init>(LiveSpeechRecognizer.java:35)
	at com.friend.friend.EchoPilotRecognizer.<init>(EchoPilotRecognizer.java:45)
	at com.friend.friend.Friend.lambda$2(Friend.java:113)
	at java.base/java.lang.Thread.run(Thread.java:1583)
Caused by: javax.sound.sampled.LineUnavailableException: line with format PCM_SIGNED 16000.0 Hz, 16 bit, mono, 2 bytes/frame, little-endian not supported.
	at java.desktop/com.sun.media.sound.DirectAudioDevice$DirectDL.implOpen(DirectAudioDevice.java:484)
	at java.desktop/com.sun.media.sound.AbstractDataLine.open(AbstractDataLine.java:115)
	at java.desktop/com.sun.media.sound.AbstractDataLine.open(AbstractDataLine.java:357)
	at edu.cmu.sphinx.api.Microphone.<init>(Microphone.java:36)
	... 5 common frames omitted
2025-12-09 07:41:35.118 [Heavy-Init-Thread] ERROR com.friend.friend.ErrorReporter - [FriendStartup] Exception occurred
java.lang.IllegalStateException: javax.sound.sampled.LineUnavailableException: line with format PCM_SIGNED 16000.0 Hz, 16 bit, mono, 2 bytes/frame, little-endian not supported.
	at edu.cmu.sphinx.api.Microphone.<init>(Microphone.java:38)
	at edu.cmu.sphinx.api.SpeechSourceProvider.getMicrophone(SpeechSourceProvider.java:18)
	at edu.cmu.sphinx.api.LiveSpeechRecognizer.<init>(LiveSpeechRecognizer.java:35)
	at com.friend.friend.EchoPilotRecognizer.<init>(EchoPilotRecognizer.java:45)
	at com.friend.friend.Friend.lambda$2(Friend.java:113)
	at java.base/java.lang.Thread.run(Thread.java:1583)
Caused by: javax.sound.sampled.LineUnavailableException: line with format PCM_SIGNED 16000.0 Hz, 16 bit, mono, 2 bytes/frame, little-endian not supported.
	at java.desktop/com.sun.media.sound.DirectAudioDevice$DirectDL.implOpen(DirectAudioDevice.java:484)
	at java.desktop/com.sun.media.sound.AbstractDataLine.open(AbstractDataLine.java:115)
	at java.desktop/com.sun.media.sound.AbstractDataLine.open(AbstractDataLine.java:357)
	at edu.cmu.sphinx.api.Microphone.<init>(Microphone.java:36)
	... 5 common frames omitted
2025-12-09 07:41:35.242 [JavaFX Application Thread] INFO  c.friend.friend.MergedEchoPilotApp - [MergedEchoPilotApp] √ JavaFX components initialized.
2025-12-09 07:41:56.273 [JavaFX Application Thread] INFO  com.friend.friend.SettingsManager - Settings loaded from settings.json
2025-12-09 07:41:56.278 [JavaFX Application Thread] INFO  c.friend.friend.MergedEchoPilotApp - [MergedEchoPilotApp] Starting initialization...
2025-12-09 07:41:56.291 [Thread-5] INFO  com.friend.friend.SettingsManager - Settings loaded from settings.json
2025-12-09 07:41:56.294 [Thread-5] WARN  com.friend.friend.Friend - [Main] JavaFX Platform already running or failed startup check.
java.lang.IllegalStateException: Toolkit already initialized
	at com.sun.javafx.application.PlatformImpl.startup(PlatformImpl.java:186)
	at javafx.application.Platform.startup(Platform.java:113)
	at com.friend.friend.Friend.initializeAndStartBrain(Friend.java:67)
	at com.friend.friend.MergedEchoPilotApp.lambda$0(MergedEchoPilotApp.java:155)
	at java.base/java.lang.Thread.run(Thread.java:1583)
2025-12-09 07:41:56.484 [AWT-EventQueue-0] INFO  com.friend.friend.Friend - === Friend Startup ===
2025-12-09 07:41:56.485 [AWT-EventQueue-0] INFO  com.friend.friend.Friend - [Main] Java version: 21.0.6
2025-12-09 07:41:56.485 [AWT-EventQueue-0] INFO  com.friend.friend.Friend - [Main] Initializing JavaFX bridge...
2025-12-09 07:41:56.485 [AWT-EventQueue-0] INFO  com.friend.friend.Friend - [Main] JavaFX bridge initialized (overlay may be disabled).
2025-12-09 07:41:56.485 [AWT-EventQueue-0] INFO  com.friend.friend.Friend - [Main] Creating Swing GUI...
2025-12-09 07:41:56.993 [Heavy-Init-Thread] INFO  com.friend.friend.Friend - [InitThread] Starting heavy service initialization (TTS/Recognizer)...
2025-12-09 07:41:59.518 [JavaFX Application Thread] INFO  c.friend.friend.MergedEchoPilotApp - [MergedEchoPilotApp] √ JavaFX components initialized.
2025-12-09 07:42:25.767 [JavaFX Application Thread] INFO  com.friend.friend.SettingsManager - Settings loaded from settings.json
2025-12-09 07:42:25.771 [JavaFX Application Thread] INFO  c.friend.friend.MergedEchoPilotApp - [MergedEchoPilotApp] Starting initialization...
2025-12-09 07:42:25.892 [Thread-5] INFO  com.friend.friend.SettingsManager - Settings loaded from settings.json
2025-12-09 07:42:25.906 [Thread-5] WARN  com.friend.friend.Friend - [Main] JavaFX Platform already running or failed startup check.
java.lang.IllegalStateException: Toolkit already initialized
	at com.sun.javafx.application.PlatformImpl.startup(PlatformImpl.java:186)
	at javafx.application.Platform.startup(Platform.java:113)
	at com.friend.friend.Friend.initializeAndStartBrain(Friend.java:67)
	at com.friend.friend.MergedEchoPilotApp.lambda$0(MergedEchoPilotApp.java:155)
	at java.base/java.lang.Thread.run(Thread.java:1583)
2025-12-09 07:42:26.253 [AWT-EventQueue-0] INFO  com.friend.friend.Friend - === Friend Startup ===
2025-12-09 07:42:26.254 [AWT-EventQueue-0] INFO  com.friend.friend.Friend - [Main] Java version: 21.0.6
2025-12-09 07:42:26.254 [AWT-EventQueue-0] INFO  com.friend.friend.Friend - [Main] Initializing JavaFX bridge...
2025-12-09 07:42:26.254 [AWT-EventQueue-0] INFO  com.friend.friend.Friend - [Main] JavaFX bridge initialized (overlay may be disabled).
2025-12-09 07:42:26.254 [AWT-EventQueue-0] INFO  com.friend.friend.Friend - [Main] Creating Swing GUI...
2025-12-09 07:42:26.897 [Heavy-Init-Thread] INFO  com.friend.friend.Friend - [InitThread] Starting heavy service initialization (TTS/Recognizer)...
2025-12-09 07:42:28.231 [JavaFX Application Thread] INFO  c.friend.friend.MergedEchoPilotApp - [MergedEchoPilotApp] √ JavaFX components initialized.
2025-12-09 07:42:30.757 [Heavy-Init-Thread] INFO  com.friend.friend.Friend - [InitThread] Initializing Media Commands...
2025-12-09 07:42:30.766 [Heavy-Init-Thread] INFO  com.friend.friend.Friend - [InitThread] Initializing System Commands...
2025-12-09 07:42:30.771 [Heavy-Init-Thread] INFO  com.friend.friend.Friend - [InitThread] Initializing other command groups...
2025-12-09 07:42:52.746 [JavaFX Application Thread] INFO  com.friend.friend.SettingsManager - Settings loaded from settings.json
2025-12-09 07:42:52.750 [JavaFX Application Thread] INFO  c.friend.friend.MergedEchoPilotApp - [MergedEchoPilotApp] Starting initialization...
2025-12-09 07:42:52.767 [Thread-5] INFO  com.friend.friend.SettingsManager - Settings loaded from settings.json
2025-12-09 07:42:52.769 [Thread-5] WARN  com.friend.friend.Friend - [Main] JavaFX Platform already running or failed startup check.
java.lang.IllegalStateException: Toolkit already initialized
	at com.sun.javafx.application.PlatformImpl.startup(PlatformImpl.java:186)
	at javafx.application.Platform.startup(Platform.java:113)
	at com.friend.friend.Friend.initializeAndStartBrain(Friend.java:67)
	at com.friend.friend.MergedEchoPilotApp.lambda$0(MergedEchoPilotApp.java:155)
	at java.base/java.lang.Thread.run(Thread.java:1583)
2025-12-09 07:42:53.125 [AWT-EventQueue-0] INFO  com.friend.friend.Friend - === Friend Startup ===
2025-12-09 07:42:53.127 [AWT-EventQueue-0] INFO  com.friend.friend.Friend - [Main] Java version: 21.0.6
2025-12-09 07:42:53.127 [AWT-EventQueue-0] INFO  com.friend.friend.Friend - [Main] Initializing JavaFX bridge...
2025-12-09 07:42:53.128 [AWT-EventQueue-0] INFO  com.friend.friend.Friend - [Main] JavaFX bridge initialized (overlay may be disabled).
2025-12-09 07:42:53.128 [AWT-EventQueue-0] INFO  com.friend.friend.Friend - [Main] Creating Swing GUI...
2025-12-09 07:42:53.782 [Heavy-Init-Thread] INFO  com.friend.friend.Friend - [InitThread] Starting heavy service initialization (TTS/Recognizer)...
2025-12-09 07:42:55.860 [JavaFX Application Thread] INFO  c.friend.friend.MergedEchoPilotApp - [MergedEchoPilotApp] √ JavaFX components initialized.
2025-12-09 07:42:58.498 [Heavy-Init-Thread] INFO  com.friend.friend.Friend - [InitThread] Initializing Media Commands...
2025-12-09 07:42:58.691 [Heavy-Init-Thread] INFO  com.friend.friend.Friend - [InitThread] Initializing System Commands...
2025-12-09 07:42:58.864 [Heavy-Init-Thread] INFO  com.friend.friend.Friend - [InitThread] Initializing other command groups...
2025-12-09 07:44:18.413 [JavaFX Application Thread] INFO  com.friend.friend.SettingsManager - Settings loaded from settings.json
2025-12-09 07:44:18.417 [JavaFX Application Thread] INFO  c.friend.friend.MergedEchoPilotApp - [MergedEchoPilotApp] Starting initialization...
2025-12-09 07:44:18.471 [Thread-5] INFO  com.friend.friend.SettingsManager - Settings loaded from settings.json
2025-12-09 07:44:18.474 [Thread-5] WARN  com.friend.friend.Friend - [Main] JavaFX Platform already running or failed startup check.
java.lang.IllegalStateException: Toolkit already initialized
	at com.sun.javafx.application.PlatformImpl.startup(PlatformImpl.java:186)
	at javafx.application.Platform.startup(Platform.java:113)
	at com.friend.friend.Friend.initializeAndStartBrain(Friend.java:67)
	at com.friend.friend.MergedEchoPilotApp.lambda$0(MergedEchoPilotApp.java:155)
	at java.base/java.lang.Thread.run(Thread.java:1583)
2025-12-09 07:44:18.940 [AWT-EventQueue-0] INFO  com.friend.friend.Friend - === Friend Startup ===
2025-12-09 07:44:18.941 [AWT-EventQueue-0] INFO  com.friend.friend.Friend - [Main] Java version: 21.0.6
2025-12-09 07:44:18.941 [AWT-EventQueue-0] INFO  com.friend.friend.Friend - [Main] Initializing JavaFX bridge...
2025-12-09 07:44:18.941 [AWT-EventQueue-0] INFO  com.friend.friend.Friend - [Main] JavaFX bridge initialized (overlay may be disabled).
2025-12-09 07:44:18.941 [AWT-EventQueue-0] INFO  com.friend.friend.Friend - [Main] Creating Swing GUI...
2025-12-09 07:44:19.888 [Heavy-Init-Thread] INFO  com.friend.friend.Friend - [InitThread] Starting heavy service initialization (TTS/Recognizer)...
2025-12-09 07:44:20.832 [JavaFX Application Thread] INFO  c.friend.friend.MergedEchoPilotApp - [MergedEchoPilotApp] √ JavaFX components initialized.
2025-12-09 07:44:23.616 [JavaFX Application Thread] INFO  com.friend.friend.SettingsManager - Settings loaded from settings.json
2025-12-09 07:44:23.616 [JavaFX Application Thread] INFO  c.friend.friend.MergedEchoPilotApp - [MergedEchoPilotApp] Starting initialization...
2025-12-09 07:44:23.617 [Thread-8] INFO  com.friend.friend.SettingsManager - Settings loaded from settings.json
2025-12-09 07:44:23.617 [Thread-8] WARN  com.friend.friend.Friend - [Main] JavaFX Platform already running or failed startup check.
java.lang.IllegalStateException: Toolkit already initialized
	at com.sun.javafx.application.PlatformImpl.startup(PlatformImpl.java:186)
	at javafx.application.Platform.startup(Platform.java:113)
	at com.friend.friend.Friend.initializeAndStartBrain(Friend.java:67)
	at com.friend.friend.MergedEchoPilotApp.lambda$0(MergedEchoPilotApp.java:155)
	at java.base/java.lang.Thread.run(Thread.java:1583)
2025-12-09 07:44:23.649 [AWT-EventQueue-0] INFO  com.friend.friend.Friend - === Friend Startup ===
2025-12-09 07:44:23.652 [AWT-EventQueue-0] INFO  com.friend.friend.Friend - [Main] Java version: 21.0.6
2025-12-09 07:44:23.652 [AWT-EventQueue-0] INFO  com.friend.friend.Friend - [Main] Initializing JavaFX bridge...
2025-12-09 07:44:23.654 [AWT-EventQueue-0] INFO  com.friend.friend.Friend - [Main] JavaFX bridge initialized (overlay may be disabled).
2025-12-09 07:44:23.656 [AWT-EventQueue-0] INFO  com.friend.friend.Friend - [Main] Creating Swing GUI...
2025-12-09 07:44:24.444 [Heavy-Init-Thread] INFO  com.friend.friend.Friend - [InitThread] Starting heavy service initialization (TTS/Recognizer)...
2025-12-09 07:44:24.471 [JavaFX Application Thread] INFO  c.friend.friend.MergedEchoPilotApp - [MergedEchoPilotApp] √ JavaFX components initialized.
2025-12-09 07:44:25.969 [Heavy-Init-Thread] INFO  com.friend.friend.Friend - [InitThread] Initializing Media Commands...
2025-12-09 07:44:25.976 [Heavy-Init-Thread] INFO  com.friend.friend.Friend - [InitThread] Initializing System Commands...
2025-12-09 07:44:25.987 [Heavy-Init-Thread] INFO  com.friend.friend.Friend - [InitThread] Initializing other command groups...
2025-12-09 07:44:27.657 [Heavy-Init-Thread] INFO  com.friend.friend.PluginLoader - Plugins directory does not exist: C:\Users\nanua\OneDrive\Desktop\PROJECT\Friend\plugins
2025-12-09 07:44:29.279 [Heavy-Init-Thread] ERROR com.friend.friend.Friend - [InitThread] Fatal error during startup
java.lang.IllegalStateException: javax.sound.sampled.LineUnavailableException: line with format PCM_SIGNED 16000.0 Hz, 16 bit, mono, 2 bytes/frame, little-endian not supported.
	at edu.cmu.sphinx.api.Microphone.<init>(Microphone.java:38)
	at edu.cmu.sphinx.api.SpeechSourceProvider.getMicrophone(SpeechSourceProvider.java:18)
	at edu.cmu.sphinx.api.LiveSpeechRecognizer.<init>(LiveSpeechRecognizer.java:35)
	at com.friend.friend.EchoPilotRecognizer.<init>(EchoPilotRecognizer.java:45)
	at com.friend.friend.Friend.lambda$2(Friend.java:113)
	at java.base/java.lang.Thread.run(Thread.java:1583)
Caused by: javax.sound.sampled.LineUnavailableException: line with format PCM_SIGNED 16000.0 Hz, 16 bit, mono, 2 bytes/frame, little-endian not supported.
	at java.desktop/com.sun.media.sound.DirectAudioDevice$DirectDL.implOpen(DirectAudioDevice.java:484)
	at java.desktop/com.sun.media.sound.AbstractDataLine.open(AbstractDataLine.java:115)
	at java.desktop/com.sun.media.sound.AbstractDataLine.open(AbstractDataLine.java:357)
	at edu.cmu.sphinx.api.Microphone.<init>(Microphone.java:36)
	... 5 common frames omitted
2025-12-09 07:44:29.283 [JavaFX Application Thread] INFO  com.friend.friend.SettingsManager - Settings loaded from settings.json
2025-12-09 07:44:29.284 [JavaFX Application Thread] INFO  c.friend.friend.MergedEchoPilotApp - [MergedEchoPilotApp] Starting initialization...
2025-12-09 07:44:29.285 [Heavy-Init-Thread] ERROR com.friend.friend.ErrorReporter - [FriendStartup] Exception occurred
java.lang.IllegalStateException: javax.sound.sampled.LineUnavailableException: line with format PCM_SIGNED 16000.0 Hz, 16 bit, mono, 2 bytes/frame, little-endian not supported.
	at edu.cmu.sphinx.api.Microphone.<init>(Microphone.java:38)
	at edu.cmu.sphinx.api.SpeechSourceProvider.getMicrophone(SpeechSourceProvider.java:18)
	at edu.cmu.sphinx.api.LiveSpeechRecognizer.<init>(LiveSpeechRecognizer.java:35)
	at com.friend.friend.EchoPilotRecognizer.<init>(EchoPilotRecognizer.java:45)
	at com.friend.friend.Friend.lambda$2(Friend.java:113)
	at java.base/java.lang.Thread.run(Thread.java:1583)
Caused by: javax.sound.sampled.LineUnavailableException: line with format PCM_SIGNED 16000.0 Hz, 16 bit, mono, 2 bytes/frame, little-endian not supported.
	at java.desktop/com.sun.media.sound.DirectAudioDevice$DirectDL.implOpen(DirectAudioDevice.java:484)
	at java.desktop/com.sun.media.sound.AbstractDataLine.open(AbstractDataLine.java:115)
	at java.desktop/com.sun.media.sound.AbstractDataLine.open(AbstractDataLine.java:357)
	at edu.cmu.sphinx.api.Microphone.<init>(Microphone.java:36)
	... 5 common frames omitted
2025-12-09 07:44:29.284 [Thread-11] INFO  com.friend.friend.SettingsManager - Settings loaded from settings.json
2025-12-09 07:44:29.288 [Thread-11] WARN  com.friend.friend.Friend - [Main] JavaFX Platform already running or failed startup check.
java.lang.IllegalStateException: Toolkit already initialized
	at com.sun.javafx.application.PlatformImpl.startup(PlatformImpl.java:186)
	at javafx.application.Platform.startup(Platform.java:113)
	at com.friend.friend.Friend.initializeAndStartBrain(Friend.java:67)
	at com.friend.friend.MergedEchoPilotApp.lambda$0(MergedEchoPilotApp.java:155)
	at java.base/java.lang.Thread.run(Thread.java:1583)
2025-12-09 07:44:46.623 [Thread-5] INFO  com.friend.friend.SettingsManager - Settings loaded from settings.json
2025-12-09 07:44:46.630 [JavaFX Application Thread] INFO  com.friend.friend.SettingsManager - Settings loaded from settings.json
2025-12-09 07:44:46.633 [JavaFX Application Thread] INFO  c.friend.friend.MergedEchoPilotApp - [MergedEchoPilotApp] Starting initialization...
2025-12-09 07:44:46.636 [Thread-5] WARN  com.friend.friend.Friend - [Main] JavaFX Platform already running or failed startup check.
java.lang.IllegalStateException: Toolkit already initialized
	at com.sun.javafx.application.PlatformImpl.startup(PlatformImpl.java:186)
	at javafx.application.Platform.startup(Platform.java:113)
	at com.friend.friend.Friend.initializeAndStartBrain(Friend.java:67)
	at com.friend.friend.MergedEchoPilotApp.lambda$0(MergedEchoPilotApp.java:155)
	at java.base/java.lang.Thread.run(Thread.java:1583)
2025-12-09 07:44:46.757 [AWT-EventQueue-0] INFO  com.friend.friend.Friend - === Friend Startup ===
2025-12-09 07:44:46.758 [AWT-EventQueue-0] INFO  com.friend.friend.Friend - [Main] Java version: 21.0.6
2025-12-09 07:44:46.758 [AWT-EventQueue-0] INFO  com.friend.friend.Friend - [Main] Initializing JavaFX bridge...
2025-12-09 07:44:46.758 [AWT-EventQueue-0] INFO  com.friend.friend.Friend - [Main] JavaFX bridge initialized (overlay may be disabled).
2025-12-09 07:44:46.758 [AWT-EventQueue-0] INFO  com.friend.friend.Friend - [Main] Creating Swing GUI...
2025-12-09 07:44:47.522 [Heavy-Init-Thread] INFO  com.friend.friend.Friend - [InitThread] Starting heavy service initialization (TTS/Recognizer)...
2025-12-09 07:44:49.591 [JavaFX Application Thread] INFO  c.friend.friend.MergedEchoPilotApp - [MergedEchoPilotApp] √ JavaFX components initialized.
2025-12-09 07:44:52.057 [Heavy-Init-Thread] INFO  com.friend.friend.Friend - [InitThread] Initializing Media Commands...
2025-12-09 07:44:52.064 [Heavy-Init-Thread] INFO  com.friend.friend.Friend - [InitThread] Initializing System Commands...
2025-12-09 07:44:52.072 [Heavy-Init-Thread] INFO  com.friend.friend.Friend - [InitThread] Initializing other command groups...
2025-12-09 07:45:13.869 [JavaFX Application Thread] INFO  com.friend.friend.SettingsManager - Settings loaded from settings.json
2025-12-09 07:45:13.875 [JavaFX Application Thread] INFO  c.friend.friend.MergedEchoPilotApp - [MergedEchoPilotApp] Starting initialization...
2025-12-09 07:45:13.932 [Thread-5] INFO  com.friend.friend.SettingsManager - Settings loaded from settings.json
2025-12-09 07:45:13.937 [Thread-5] WARN  com.friend.friend.Friend - [Main] JavaFX Platform already running or failed startup check.
java.lang.IllegalStateException: Toolkit already initialized
	at com.sun.javafx.application.PlatformImpl.startup(PlatformImpl.java:186)
	at javafx.application.Platform.startup(Platform.java:113)
	at com.friend.friend.Friend.initializeAndStartBrain(Friend.java:67)
	at com.friend.friend.MergedEchoPilotApp.lambda$0(MergedEchoPilotApp.java:155)
	at java.base/java.lang.Thread.run(Thread.java:1583)
2025-12-09 07:45:14.447 [AWT-EventQueue-0] INFO  com.friend.friend.Friend - === Friend Startup ===
2025-12-09 07:45:14.447 [AWT-EventQueue-0] INFO  com.friend.friend.Friend - [Main] Java version: 21.0.6
2025-12-09 07:45:14.447 [AWT-EventQueue-0] INFO  com.friend.friend.Friend - [Main] Initializing JavaFX bridge...
2025-12-09 07:45:14.447 [AWT-EventQueue-0] INFO  com.friend.friend.Friend - [Main] JavaFX bridge initialized (overlay may be disabled).
2025-12-09 07:45:14.459 [AWT-EventQueue-0] INFO  com.friend.friend.Friend - [Main] Creating Swing GUI...
2025-12-09 07:45:15.033 [Heavy-Init-Thread] INFO  com.friend.friend.Friend - [InitThread] Starting heavy service initialization (TTS/Recognizer)...
2025-12-09 07:45:16.295 [JavaFX Application Thread] INFO  c.friend.friend.MergedEchoPilotApp - [MergedEchoPilotApp] √ JavaFX components initialized.
2025-12-09 07:45:37.848 [JavaFX Application Thread] INFO  com.friend.friend.SettingsManager - Settings loaded from settings.json
2025-12-09 07:45:37.855 [JavaFX Application Thread] INFO  c.friend.friend.MergedEchoPilotApp - [MergedEchoPilotApp] Starting initialization...
2025-12-09 07:45:38.012 [Thread-5] INFO  com.friend.friend.SettingsManager - Settings loaded from settings.json
2025-12-09 07:45:38.016 [Thread-5] WARN  com.friend.friend.Friend - [Main] JavaFX Platform already running or failed startup check.
java.lang.IllegalStateException: Toolkit already initialized
	at com.sun.javafx.application.PlatformImpl.startup(PlatformImpl.java:186)
	at javafx.application.Platform.startup(Platform.java:113)
	at com.friend.friend.Friend.initializeAndStartBrain(Friend.java:67)
	at com.friend.friend.MergedEchoPilotApp.lambda$0(MergedEchoPilotApp.java:155)
	at java.base/java.lang.Thread.run(Thread.java:1583)
2025-12-09 07:45:38.146 [AWT-EventQueue-0] INFO  com.friend.friend.Friend - === Friend Startup ===
2025-12-09 07:45:38.147 [AWT-EventQueue-0] INFO  com.friend.friend.Friend - [Main] Java version: 21.0.6
2025-12-09 07:45:38.148 [AWT-EventQueue-0] INFO  com.friend.friend.Friend - [Main] Initializing JavaFX bridge...
2025-12-09 07:45:38.149 [AWT-EventQueue-0] INFO  com.friend.friend.Friend - [Main] JavaFX bridge initialized (overlay may be disabled).
2025-12-09 07:45:38.149 [AWT-EventQueue-0] INFO  com.friend.friend.Friend - [Main] Creating Swing GUI...
2025-12-09 07:45:38.904 [Heavy-Init-Thread] INFO  com.friend.friend.Friend - [InitThread] Starting heavy service initialization (TTS/Recognizer)...
2025-12-09 07:45:40.628 [JavaFX Application Thread] INFO  c.friend.friend.MergedEchoPilotApp - [MergedEchoPilotApp] √ JavaFX components initialized.
2025-12-09 07:45:43.458 [Heavy-Init-Thread] INFO  com.friend.friend.Friend - [InitThread] Initializing Media Commands...
2025-12-09 07:45:43.464 [Heavy-Init-Thread] INFO  com.friend.friend.Friend - [InitThread] Initializing System Commands...
2025-12-09 07:45:43.474 [Heavy-Init-Thread] INFO  com.friend.friend.Friend - [InitThread] Initializing other command groups...
2025-12-09 07:45:43.691 [JavaFX Application Thread] INFO  com.friend.friend.SettingsManager - Settings loaded from settings.json
2025-12-09 07:45:43.693 [JavaFX Application Thread] INFO  c.friend.friend.MergedEchoPilotApp - [MergedEchoPilotApp] Starting initialization...
2025-12-09 07:45:43.696 [Thread-9] INFO  com.friend.friend.SettingsManager - Settings loaded from settings.json
2025-12-09 07:45:43.696 [Thread-9] WARN  com.friend.friend.Friend - [Main] JavaFX Platform already running or failed startup check.
java.lang.IllegalStateException: Toolkit already initialized
	at com.sun.javafx.application.PlatformImpl.startup(PlatformImpl.java:186)
	at javafx.application.Platform.startup(Platform.java:113)
	at com.friend.friend.Friend.initializeAndStartBrain(Friend.java:67)
	at com.friend.friend.MergedEchoPilotApp.lambda$0(MergedEchoPilotApp.java:155)
	at java.base/java.lang.Thread.run(Thread.java:1583)
2025-12-09 07:45:43.703 [AWT-EventQueue-0] INFO  com.friend.friend.Friend - === Friend Startup ===
2025-12-09 07:45:43.704 [AWT-EventQueue-0] INFO  com.friend.friend.Friend - [Main] Java version: 21.0.6
2025-12-09 07:45:43.704 [AWT-EventQueue-0] INFO  com.friend.friend.Friend - [Main] Initializing JavaFX bridge...
2025-12-09 07:45:43.704 [AWT-EventQueue-0] INFO  com.friend.friend.Friend - [Main] JavaFX bridge initialized (overlay may be disabled).
2025-12-09 07:45:43.704 [AWT-EventQueue-0] INFO  com.friend.friend.Friend - [Main] Creating Swing GUI...
2025-12-09 07:45:43.828 [Heavy-Init-Thread] INFO  com.friend.friend.PluginLoader - Plugins directory does not exist: C:\Users\nanua\OneDrive\Desktop\PROJECT\Friend\plugins
2025-12-09 07:45:44.165 [Heavy-Init-Thread] INFO  com.friend.friend.Friend - [InitThread] Starting heavy service initialization (TTS/Recognizer)...
2025-12-09 07:45:44.354 [JavaFX Application Thread] INFO  c.friend.friend.MergedEchoPilotApp - [MergedEchoPilotApp] √ JavaFX components initialized.
2025-12-09 07:45:48.475 [AWT-EventQueue-0] INFO  com.friend.friend.Friend - Friend is ready. Running in background.
2025-12-09 07:45:48.547 [Heavy-Init-Thread] ERROR com.friend.friend.Friend - [InitThread] Fatal error during startup
java.lang.IllegalStateException: javax.sound.sampled.LineUnavailableException: line with format PCM_SIGNED 16000.0 Hz, 16 bit, mono, 2 bytes/frame, little-endian not supported.
	at edu.cmu.sphinx.api.Microphone.<init>(Microphone.java:38)
	at edu.cmu.sphinx.api.SpeechSourceProvider.getMicrophone(SpeechSourceProvider.java:18)
	at edu.cmu.sphinx.api.LiveSpeechRecognizer.<init>(LiveSpeechRecognizer.java:35)
	at com.friend.friend.EchoPilotRecognizer.<init>(EchoPilotRecognizer.java:45)
	at com.friend.friend.Friend.lambda$2(Friend.java:113)
	at java.base/java.lang.Thread.run(Thread.java:1583)
Caused by: javax.sound.sampled.LineUnavailableException: line with format PCM_SIGNED 16000.0 Hz, 16 bit, mono, 2 bytes/frame, little-endian not supported.
	at java.desktop/com.sun.media.sound.DirectAudioDevice$DirectDL.implOpen(DirectAudioDevice.java:484)
	at java.desktop/com.sun.media.sound.AbstractDataLine.open(AbstractDataLine.java:115)
	at java.desktop/com.sun.media.sound.AbstractDataLine.open(AbstractDataLine.java:357)
	at edu.cmu.sphinx.api.Microphone.<init>(Microphone.java:36)
	... 5 common frames omitted
2025-12-09 07:45:48.559 [Heavy-Init-Thread] ERROR com.friend.friend.ErrorReporter - [FriendStartup] Exception occurred
java.lang.IllegalStateException: javax.sound.sampled.LineUnavailableException: line with format PCM_SIGNED 16000.0 Hz, 16 bit, mono, 2 bytes/frame, little-endian not supported.
	at edu.cmu.sphinx.api.Microphone.<init>(Microphone.java:38)
	at edu.cmu.sphinx.api.SpeechSourceProvider.getMicrophone(SpeechSourceProvider.java:18)
	at edu.cmu.sphinx.api.LiveSpeechRecognizer.<init>(LiveSpeechRecognizer.java:35)
	at com.friend.friend.EchoPilotRecognizer.<init>(EchoPilotRecognizer.java:45)
	at com.friend.friend.Friend.lambda$2(Friend.java:113)
	at java.base/java.lang.Thread.run(Thread.java:1583)
Caused by: javax.sound.sampled.LineUnavailableException: line with format PCM_SIGNED 16000.0 Hz, 16 bit, mono, 2 bytes/frame, little-endian not supported.
	at java.desktop/com.sun.media.sound.DirectAudioDevice$DirectDL.implOpen(DirectAudioDevice.java:484)
	at java.desktop/com.sun.media.sound.AbstractDataLine.open(AbstractDataLine.java:115)
	at java.desktop/com.sun.media.sound.AbstractDataLine.open(AbstractDataLine.java:357)
	at edu.cmu.sphinx.api.Microphone.<init>(Microphone.java:36)
	... 5 common frames omitted
2025-12-09 07:45:48.691 [Shutdown-Hook] INFO  com.friend.friend.Friend - Shutting down Friend...
2025-12-09 07:47:44.377 [JavaFX Application Thread] INFO  com.friend.friend.SettingsManager - Settings loaded from settings.json
2025-12-09 07:47:44.467 [Thread-3] INFO  com.friend.friend.SettingsManager - Settings loaded from settings.json
2025-12-09 07:47:44.471 [JavaFX Application Thread] INFO  c.friend.friend.MergedEchoPilotApp - [MergedEchoPilotApp] Starting initialization...
2025-12-09 07:47:44.483 [Thread-3] WARN  com.friend.friend.Friend - [Main] JavaFX Platform already running or failed startup check.
java.lang.IllegalStateException: Toolkit already initialized
	at javafx.graphics@21.0.9/com.sun.javafx.application.PlatformImpl.startup(PlatformImpl.java:186)
	at javafx.graphics@21.0.9/javafx.application.Platform.startup(Platform.java:113)
	at com.friend.friend.Friend.initializeAndStartBrain(Friend.java:67)
	at com.friend.friend.MergedEchoPilotApp.lambda$0(MergedEchoPilotApp.java:155)
	at java.base/java.lang.Thread.run(Thread.java:1583)
2025-12-09 07:47:44.712 [AWT-EventQueue-0] INFO  com.friend.friend.Friend - === Friend Startup ===
2025-12-09 07:47:44.713 [AWT-EventQueue-0] INFO  com.friend.friend.Friend - [Main] Java version: 21.0.6
2025-12-09 07:47:44.713 [AWT-EventQueue-0] INFO  com.friend.friend.Friend - [Main] Initializing JavaFX bridge...
2025-12-09 07:47:44.713 [AWT-EventQueue-0] INFO  com.friend.friend.Friend - [Main] JavaFX bridge initialized (overlay may be disabled).
2025-12-09 07:47:44.713 [AWT-EventQueue-0] INFO  com.friend.friend.Friend - [Main] Creating Swing GUI...
2025-12-09 07:47:45.119 [Heavy-Init-Thread] INFO  com.friend.friend.Friend - [InitThread] Starting heavy service initialization (TTS/Recognizer)...
2025-12-09 07:47:46.268 [JavaFX Application Thread] INFO  c.friend.friend.MergedEchoPilotApp - [MergedEchoPilotApp] √ JavaFX components initialized.
2025-12-09 07:47:48.733 [Heavy-Init-Thread] INFO  com.friend.friend.Friend - [InitThread] Initializing Media Commands...
2025-12-09 07:47:48.742 [Heavy-Init-Thread] INFO  com.friend.friend.Friend - [InitThread] Initializing System Commands...
2025-12-09 07:47:48.751 [Heavy-Init-Thread] INFO  com.friend.friend.Friend - [InitThread] Initializing other command groups...
2025-12-09 07:47:49.080 [Heavy-Init-Thread] INFO  com.friend.friend.PluginLoader - Plugins directory does not exist: C:\Users\nanua\OneDrive\Desktop\PROJECT\Friend\plugins
2025-12-09 07:47:49.656 [AWT-EventQueue-0] INFO  com.friend.friend.Friend - Friend is ready. Running in background.
2025-12-09 07:51:34.518 [JavaFX Application Thread] INFO  com.friend.friend.SettingsManager - Settings loaded from settings.json
2025-12-09 07:51:34.522 [JavaFX Application Thread] INFO  c.friend.friend.MergedEchoPilotApp - [MergedEchoPilotApp] Starting initialization...
2025-12-09 07:51:34.519 [Thread-5] INFO  com.friend.friend.SettingsManager - Settings loaded from settings.json
2025-12-09 07:51:34.529 [Thread-5] WARN  com.friend.friend.Friend - [Main] JavaFX Platform already running or failed startup check.
java.lang.IllegalStateException: Toolkit already initialized
	at com.sun.javafx.application.PlatformImpl.startup(PlatformImpl.java:186)
	at javafx.application.Platform.startup(Platform.java:113)
	at com.friend.friend.Friend.initializeAndStartBrain(Friend.java:67)
	at com.friend.friend.MergedEchoPilotApp.lambda$0(MergedEchoPilotApp.java:155)
	at java.base/java.lang.Thread.run(Thread.java:1583)
2025-12-09 07:51:35.175 [AWT-EventQueue-0] INFO  com.friend.friend.Friend - === Friend Startup ===
2025-12-09 07:51:35.175 [AWT-EventQueue-0] INFO  com.friend.friend.Friend - [Main] Java version: 21.0.6
2025-12-09 07:51:35.175 [AWT-EventQueue-0] INFO  com.friend.friend.Friend - [Main] Initializing JavaFX bridge...
2025-12-09 07:51:35.175 [AWT-EventQueue-0] INFO  com.friend.friend.Friend - [Main] JavaFX bridge initialized (overlay may be disabled).
2025-12-09 07:51:35.176 [AWT-EventQueue-0] INFO  com.friend.friend.Friend - [Main] Creating Swing GUI...
2025-12-09 07:51:35.804 [Heavy-Init-Thread] INFO  com.friend.friend.Friend - [InitThread] Starting heavy service initialization (TTS/Recognizer)...
2025-12-09 07:51:37.730 [JavaFX Application Thread] INFO  c.friend.friend.MergedEchoPilotApp - [MergedEchoPilotApp] √ JavaFX components initialized.
2025-12-09 07:51:40.348 [Heavy-Init-Thread] INFO  com.friend.friend.Friend - [InitThread] Initializing Media Commands...
2025-12-09 07:51:40.358 [Heavy-Init-Thread] INFO  com.friend.friend.Friend - [InitThread] Initializing System Commands...
2025-12-09 07:51:40.363 [Heavy-Init-Thread] INFO  com.friend.friend.Friend - [InitThread] Initializing other command groups...
2025-12-09 07:51:40.679 [JavaFX Application Thread] INFO  com.friend.friend.SettingsManager - Settings loaded from settings.json
2025-12-09 07:51:40.679 [JavaFX Application Thread] INFO  c.friend.friend.MergedEchoPilotApp - [MergedEchoPilotApp] Starting initialization...
2025-12-09 07:51:40.688 [Thread-9] INFO  com.friend.friend.SettingsManager - Settings loaded from settings.json
2025-12-09 07:51:40.703 [Thread-9] WARN  com.friend.friend.Friend - [Main] JavaFX Platform already running or failed startup check.
java.lang.IllegalStateException: Toolkit already initialized
	at com.sun.javafx.application.PlatformImpl.startup(PlatformImpl.java:186)
	at javafx.application.Platform.startup(Platform.java:113)
	at com.friend.friend.Friend.initializeAndStartBrain(Friend.java:67)
	at com.friend.friend.MergedEchoPilotApp.lambda$0(MergedEchoPilotApp.java:155)
	at java.base/java.lang.Thread.run(Thread.java:1583)
2025-12-09 07:51:40.730 [AWT-EventQueue-0] INFO  com.friend.friend.Friend - === Friend Startup ===
2025-12-09 07:51:40.732 [AWT-EventQueue-0] INFO  com.friend.friend.Friend - [Main] Java version: 21.0.6
2025-12-09 07:51:40.731 [Heavy-Init-Thread] INFO  com.friend.friend.PluginLoader - Plugins directory does not exist: C:\Users\nanua\OneDrive\Desktop\PROJECT\Friend\plugins
2025-12-09 07:51:40.734 [AWT-EventQueue-0] INFO  com.friend.friend.Friend - [Main] Initializing JavaFX bridge...
2025-12-09 07:51:40.736 [AWT-EventQueue-0] INFO  com.friend.friend.Friend - [Main] JavaFX bridge initialized (overlay may be disabled).
2025-12-09 07:51:40.736 [AWT-EventQueue-0] INFO  com.friend.friend.Friend - [Main] Creating Swing GUI...
2025-12-09 07:51:41.081 [Heavy-Init-Thread] INFO  com.friend.friend.Friend - [InitThread] Starting heavy service initialization (TTS/Recognizer)...
2025-12-09 07:51:41.207 [JavaFX Application Thread] INFO  c.friend.friend.MergedEchoPilotApp - [MergedEchoPilotApp] √ JavaFX components initialized.
2025-12-09 07:51:44.695 [AWT-EventQueue-0] INFO  com.friend.friend.Friend - Friend is ready. Running in background.
2025-12-09 07:51:45.428 [JavaFX Application Thread] INFO  com.friend.friend.SettingsManager - Settings loaded from settings.json
2025-12-09 07:51:45.437 [Thread-12] INFO  com.friend.friend.SettingsManager - Settings loaded from settings.json
2025-12-09 07:51:45.438 [Thread-12] WARN  com.friend.friend.Friend - [Main] JavaFX Platform already running or failed startup check.
java.lang.IllegalStateException: Toolkit already initialized
	at com.sun.javafx.application.PlatformImpl.startup(PlatformImpl.java:186)
	at javafx.application.Platform.startup(Platform.java:113)
	at com.friend.friend.Friend.initializeAndStartBrain(Friend.java:67)
	at com.friend.friend.MergedEchoPilotApp.lambda$0(MergedEchoPilotApp.java:155)
	at java.base/java.lang.Thread.run(Thread.java:1583)
2025-12-09 07:51:45.428 [JavaFX Application Thread] INFO  c.friend.friend.MergedEchoPilotApp - [MergedEchoPilotApp] Starting initialization...
2025-12-09 07:51:45.490 [Heavy-Init-Thread] ERROR com.friend.friend.Friend - [InitThread] Fatal error during startup
java.lang.IllegalStateException: javax.sound.sampled.LineUnavailableException: line with format PCM_SIGNED 16000.0 Hz, 16 bit, mono, 2 bytes/frame, little-endian not supported.
	at edu.cmu.sphinx.api.Microphone.<init>(Microphone.java:38)
	at edu.cmu.sphinx.api.SpeechSourceProvider.getMicrophone(SpeechSourceProvider.java:18)
	at edu.cmu.sphinx.api.LiveSpeechRecognizer.<init>(LiveSpeechRecognizer.java:35)
	at com.friend.friend.EchoPilotRecognizer.<init>(EchoPilotRecognizer.java:45)
	at com.friend.friend.Friend.lambda$2(Friend.java:113)
	at java.base/java.lang.Thread.run(Thread.java:1583)
Caused by: javax.sound.sampled.LineUnavailableException: line with format PCM_SIGNED 16000.0 Hz, 16 bit, mono, 2 bytes/frame, little-endian not supported.
	at java.desktop/com.sun.media.sound.DirectAudioDevice$DirectDL.implOpen(DirectAudioDevice.java:484)
	at java.desktop/com.sun.media.sound.AbstractDataLine.open(AbstractDataLine.java:115)
	at java.desktop/com.sun.media.sound.AbstractDataLine.open(AbstractDataLine.java:357)
	at edu.cmu.sphinx.api.Microphone.<init>(Microphone.java:36)
	... 5 common frames omitted
2025-12-09 07:51:45.492 [Heavy-Init-Thread] ERROR com.friend.friend.ErrorReporter - [FriendStartup] Exception occurred
java.lang.IllegalStateException: javax.sound.sampled.LineUnavailableException: line with format PCM_SIGNED 16000.0 Hz, 16 bit, mono, 2 bytes/frame, little-endian not supported.
	at edu.cmu.sphinx.api.Microphone.<init>(Microphone.java:38)
	at edu.cmu.sphinx.api.SpeechSourceProvider.getMicrophone(SpeechSourceProvider.java:18)
	at edu.cmu.sphinx.api.LiveSpeechRecognizer.<init>(LiveSpeechRecognizer.java:35)
	at com.friend.friend.EchoPilotRecognizer.<init>(EchoPilotRecognizer.java:45)
	at com.friend.friend.Friend.lambda$2(Friend.java:113)
	at java.base/java.lang.Thread.run(Thread.java:1583)
Caused by: javax.sound.sampled.LineUnavailableException: line with format PCM_SIGNED 16000.0 Hz, 16 bit, mono, 2 bytes/frame, little-endian not supported.
	at java.desktop/com.sun.media.sound.DirectAudioDevice$DirectDL.implOpen(DirectAudioDevice.java:484)
	at java.desktop/com.sun.media.sound.AbstractDataLine.open(AbstractDataLine.java:115)
	at java.desktop/com.sun.media.sound.AbstractDataLine.open(AbstractDataLine.java:357)
	at edu.cmu.sphinx.api.Microphone.<init>(Microphone.java:36)
	... 5 common frames omitted
2025-12-09 07:51:45.493 [AWT-EventQueue-0] INFO  com.friend.friend.Friend - === Friend Startup ===
2025-12-09 07:51:45.501 [AWT-EventQueue-0] INFO  com.friend.friend.Friend - [Main] Java version: 21.0.6
2025-12-09 07:51:45.504 [AWT-EventQueue-0] INFO  com.friend.friend.Friend - [Main] Initializing JavaFX bridge...
2025-12-09 07:51:45.504 [AWT-EventQueue-0] INFO  com.friend.friend.Friend - [Main] JavaFX bridge initialized (overlay may be disabled).
2025-12-09 07:51:45.505 [AWT-EventQueue-0] INFO  com.friend.friend.Friend - [Main] Creating Swing GUI...
2025-12-09 07:51:45.720 [Shutdown-Hook] INFO  com.friend.friend.Friend - Shutting down Friend...
2025-12-09 07:51:45.853 [Heavy-Init-Thread] INFO  com.friend.friend.Friend - [InitThread] Starting heavy service initialization (TTS/Recognizer)...
2025-12-09 07:51:46.046 [JavaFX Application Thread] INFO  c.friend.friend.MergedEchoPilotApp - [MergedEchoPilotApp] √ JavaFX components initialized.
2025-12-09 07:51:49.906 [Heavy-Init-Thread] ERROR com.friend.friend.Friend - [InitThread] Fatal error during startup
java.lang.IllegalStateException: javax.sound.sampled.LineUnavailableException: line with format PCM_SIGNED 16000.0 Hz, 16 bit, mono, 2 bytes/frame, little-endian not supported.
	at edu.cmu.sphinx.api.Microphone.<init>(Microphone.java:38)
	at edu.cmu.sphinx.api.SpeechSourceProvider.getMicrophone(SpeechSourceProvider.java:18)
	at edu.cmu.sphinx.api.LiveSpeechRecognizer.<init>(LiveSpeechRecognizer.java:35)
	at com.friend.friend.EchoPilotRecognizer.<init>(EchoPilotRecognizer.java:45)
	at com.friend.friend.Friend.lambda$2(Friend.java:113)
	at java.base/java.lang.Thread.run(Thread.java:1583)
Caused by: javax.sound.sampled.LineUnavailableException: line with format PCM_SIGNED 16000.0 Hz, 16 bit, mono, 2 bytes/frame, little-endian not supported.
	at java.desktop/com.sun.media.sound.DirectAudioDevice$DirectDL.implOpen(DirectAudioDevice.java:484)
	at java.desktop/com.sun.media.sound.AbstractDataLine.open(AbstractDataLine.java:115)
	at java.desktop/com.sun.media.sound.AbstractDataLine.open(AbstractDataLine.java:357)
	at edu.cmu.sphinx.api.Microphone.<init>(Microphone.java:36)
	... 5 common frames omitted
2025-12-09 07:51:49.909 [Heavy-Init-Thread] ERROR com.friend.friend.ErrorReporter - [FriendStartup] Exception occurred
java.lang.IllegalStateException: javax.sound.sampled.LineUnavailableException: line with format PCM_SIGNED 16000.0 Hz, 16 bit, mono, 2 bytes/frame, little-endian not supported.
	at edu.cmu.sphinx.api.Microphone.<init>(Microphone.java:38)
	at edu.cmu.sphinx.api.SpeechSourceProvider.getMicrophone(SpeechSourceProvider.java:18)
	at edu.cmu.sphinx.api.LiveSpeechRecognizer.<init>(LiveSpeechRecognizer.java:35)
	at com.friend.friend.EchoPilotRecognizer.<init>(EchoPilotRecognizer.java:45)
	at com.friend.friend.Friend.lambda$2(Friend.java:113)
	at java.base/java.lang.Thread.run(Thread.java:1583)
Caused by: javax.sound.sampled.LineUnavailableException: line with format PCM_SIGNED 16000.0 Hz, 16 bit, mono, 2 bytes/frame, little-endian not supported.
	at java.desktop/com.sun.media.sound.DirectAudioDevice$DirectDL.implOpen(DirectAudioDevice.java:484)
	at java.desktop/com.sun.media.sound.AbstractDataLine.open(AbstractDataLine.java:115)
	at java.desktop/com.sun.media.sound.AbstractDataLine.open(AbstractDataLine.java:357)
	at edu.cmu.sphinx.api.Microphone.<init>(Microphone.java:36)
	... 5 common frames omitted
2025-12-09 07:52:53.113 [JavaFX Application Thread] INFO  com.friend.friend.SettingsManager - Settings loaded from settings.json
2025-12-09 07:52:53.116 [JavaFX Application Thread] INFO  c.friend.friend.MergedEchoPilotApp - [MergedEchoPilotApp] Starting initialization...
2025-12-09 07:52:53.140 [Thread-5] INFO  com.friend.friend.SettingsManager - Settings loaded from settings.json
2025-12-09 07:52:53.151 [Thread-5] WARN  com.friend.friend.Friend - [Main] JavaFX Platform already running or failed startup check.
java.lang.IllegalStateException: Toolkit already initialized
	at com.sun.javafx.application.PlatformImpl.startup(PlatformImpl.java:186)
	at javafx.application.Platform.startup(Platform.java:113)
	at com.friend.friend.Friend.initializeAndStartBrain(Friend.java:67)
	at com.friend.friend.MergedEchoPilotApp.lambda$0(MergedEchoPilotApp.java:155)
	at java.base/java.lang.Thread.run(Thread.java:1583)
2025-12-09 07:52:53.665 [AWT-EventQueue-0] INFO  com.friend.friend.Friend - === Friend Startup ===
2025-12-09 07:52:53.666 [AWT-EventQueue-0] INFO  com.friend.friend.Friend - [Main] Java version: 21.0.6
2025-12-09 07:52:53.666 [AWT-EventQueue-0] INFO  com.friend.friend.Friend - [Main] Initializing JavaFX bridge...
2025-12-09 07:52:53.666 [AWT-EventQueue-0] INFO  com.friend.friend.Friend - [Main] JavaFX bridge initialized (overlay may be disabled).
2025-12-09 07:52:53.666 [AWT-EventQueue-0] INFO  com.friend.friend.Friend - [Main] Creating Swing GUI...
2025-12-09 07:52:54.264 [Heavy-Init-Thread] INFO  com.friend.friend.Friend - [InitThread] Starting heavy service initialization (TTS/Recognizer)...
2025-12-09 07:52:56.334 [JavaFX Application Thread] INFO  c.friend.friend.MergedEchoPilotApp - [MergedEchoPilotApp] √ JavaFX components initialized.
2025-12-09 07:52:58.412 [Heavy-Init-Thread] INFO  com.friend.friend.Friend - [InitThread] Initializing Media Commands...
2025-12-09 07:52:58.417 [Heavy-Init-Thread] INFO  com.friend.friend.Friend - [InitThread] Initializing System Commands...
2025-12-09 07:52:58.421 [Heavy-Init-Thread] INFO  com.friend.friend.Friend - [InitThread] Initializing other command groups...
2025-12-09 07:52:58.604 [Heavy-Init-Thread] INFO  com.friend.friend.PluginLoader - Plugins directory does not exist: C:\Users\nanua\OneDrive\Desktop\PROJECT\Friend\plugins
2025-12-09 07:52:59.266 [AWT-EventQueue-0] INFO  com.friend.friend.Friend - Friend is ready. Running in background.
2025-12-09 07:59:56.958 [JavaFX Application Thread] INFO  com.friend.friend.SettingsManager - Settings loaded from settings.json
2025-12-09 07:59:57.000 [Thread-3] INFO  com.friend.friend.SettingsManager - Settings loaded from settings.json
2025-12-09 07:59:57.003 [JavaFX Application Thread] INFO  c.friend.friend.MergedEchoPilotApp - [MergedEchoPilotApp] Starting initialization...
2025-12-09 07:59:57.007 [Thread-3] WARN  com.friend.friend.Friend - [Main] JavaFX Platform already running or failed startup check.
java.lang.IllegalStateException: Toolkit already initialized
	at javafx.graphics@21.0.9/com.sun.javafx.application.PlatformImpl.startup(PlatformImpl.java:186)
	at javafx.graphics@21.0.9/javafx.application.Platform.startup(Platform.java:113)
	at com.friend.friend.Friend.initializeAndStartBrain(Friend.java:67)
	at com.friend.friend.MergedEchoPilotApp.lambda$1(MergedEchoPilotApp.java:158)
	at java.base/java.lang.Thread.run(Thread.java:1583)
2025-12-09 07:59:57.218 [AWT-EventQueue-0] INFO  com.friend.friend.Friend - === Friend Startup ===
2025-12-09 07:59:57.219 [AWT-EventQueue-0] INFO  com.friend.friend.Friend - [Main] Java version: 21.0.6
2025-12-09 07:59:57.219 [AWT-EventQueue-0] INFO  com.friend.friend.Friend - [Main] Initializing JavaFX bridge...
2025-12-09 07:59:57.220 [AWT-EventQueue-0] INFO  com.friend.friend.Friend - [Main] JavaFX bridge initialized (overlay may be disabled).
2025-12-09 07:59:57.220 [AWT-EventQueue-0] INFO  com.friend.friend.Friend - [Main] Creating Swing GUI...
2025-12-09 07:59:57.683 [Heavy-Init-Thread] INFO  com.friend.friend.Friend - [InitThread] Starting heavy service initialization (TTS/Recognizer)...
2025-12-09 07:59:59.362 [JavaFX Application Thread] INFO  c.friend.friend.MergedEchoPilotApp - [MergedEchoPilotApp] √ JavaFX components initialized.
2025-12-09 08:00:02.718 [Heavy-Init-Thread] INFO  com.friend.friend.Friend - [InitThread] Initializing Media Commands...
2025-12-09 08:00:02.723 [Heavy-Init-Thread] INFO  com.friend.friend.Friend - [InitThread] Initializing System Commands...
2025-12-09 08:00:02.730 [Heavy-Init-Thread] INFO  com.friend.friend.Friend - [InitThread] Initializing other command groups...
2025-12-09 08:00:02.953 [Heavy-Init-Thread] INFO  com.friend.friend.PluginLoader - Plugins directory does not exist: C:\Users\nanua\OneDrive\Desktop\PROJECT\Friend\plugins
2025-12-09 08:00:04.580 [AWT-EventQueue-0] INFO  com.friend.friend.Friend - Friend is ready. Running in background.
2025-12-09 08:12:29.865 [main] INFO  com.friend.friend.SettingsManager - Settings loaded from settings.json
2025-12-09 08:12:31.007 [main] INFO  com.friend.friend.Friend - [Main] JavaFX Platform started successfully.
2025-12-09 08:12:31.155 [AWT-EventQueue-0] INFO  com.friend.friend.Friend - === Friend Startup ===
2025-12-09 08:12:31.156 [AWT-EventQueue-0] INFO  com.friend.friend.Friend - [Main] Java version: 21.0.6
2025-12-09 08:12:31.157 [AWT-EventQueue-0] INFO  com.friend.friend.Friend - [Main] Initializing JavaFX bridge...
2025-12-09 08:12:31.157 [AWT-EventQueue-0] INFO  com.friend.friend.Friend - [Main] JavaFX bridge initialized (overlay may be disabled).
2025-12-09 08:12:31.157 [AWT-EventQueue-0] INFO  com.friend.friend.Friend - [Main] Creating Swing GUI...
2025-12-09 08:12:32.740 [Heavy-Init-Thread] INFO  com.friend.friend.Friend - [InitThread] Starting heavy service initialization (TTS/Recognizer)...
2025-12-09 08:12:38.447 [Heavy-Init-Thread] INFO  com.friend.friend.Friend - [InitThread] Initializing Media Commands...
2025-12-09 08:12:38.457 [Heavy-Init-Thread] INFO  com.friend.friend.Friend - [InitThread] Initializing System Commands...
2025-12-09 08:12:38.465 [Heavy-Init-Thread] INFO  com.friend.friend.Friend - [InitThread] Initializing other command groups...
2025-12-09 08:12:38.818 [Heavy-Init-Thread] INFO  com.friend.friend.PluginLoader - Plugins directory does not exist: C:\Users\nanua\OneDrive\Desktop\PROJECT\Friend\plugins
2025-12-09 08:12:42.923 [AWT-EventQueue-0] INFO  com.friend.friend.Friend - Friend is ready. Running in background.
2025-12-09 08:13:19.558 [JavaFX Application Thread] INFO  com.friend.friend.SettingsManager - Settings loaded from settings.json
2025-12-09 08:13:19.589 [Thread-3] INFO  com.friend.friend.SettingsManager - Settings loaded from settings.json
2025-12-09 08:13:19.594 [JavaFX Application Thread] INFO  c.friend.friend.MergedEchoPilotApp - [MergedEchoPilotApp] Starting initialization...
2025-12-09 08:13:19.598 [Thread-3] WARN  com.friend.friend.Friend - [Main] JavaFX Platform already running or failed startup check.
java.lang.IllegalStateException: Toolkit already initialized
	at javafx.graphics@21.0.9/com.sun.javafx.application.PlatformImpl.startup(PlatformImpl.java:186)
	at javafx.graphics@21.0.9/javafx.application.Platform.startup(Platform.java:113)
	at com.friend.friend.Friend.initializeAndStartBrain(Friend.java:67)
	at com.friend.friend.MergedEchoPilotApp.lambda$0(MergedEchoPilotApp.java:154)
	at java.base/java.lang.Thread.run(Thread.java:1583)
2025-12-09 08:13:20.133 [AWT-EventQueue-0] INFO  com.friend.friend.Friend - === Friend Startup ===
2025-12-09 08:13:20.147 [AWT-EventQueue-0] INFO  com.friend.friend.Friend - [Main] Java version: 21.0.6
2025-12-09 08:13:20.191 [AWT-EventQueue-0] INFO  com.friend.friend.Friend - [Main] Initializing JavaFX bridge...
2025-12-09 08:13:20.192 [AWT-EventQueue-0] INFO  com.friend.friend.Friend - [Main] JavaFX bridge initialized (overlay may be disabled).
2025-12-09 08:13:20.192 [AWT-EventQueue-0] INFO  com.friend.friend.Friend - [Main] Creating Swing GUI...
2025-12-09 08:13:20.718 [Heavy-Init-Thread] INFO  com.friend.friend.Friend - [InitThread] Starting heavy service initialization (TTS/Recognizer)...
2025-12-09 08:13:21.761 [JavaFX Application Thread] INFO  c.friend.friend.MergedEchoPilotApp - [MergedEchoPilotApp] √ JavaFX components initialized.
2025-12-09 08:13:24.774 [Heavy-Init-Thread] INFO  com.friend.friend.Friend - [InitThread] Initializing Media Commands...
2025-12-09 08:13:24.777 [Heavy-Init-Thread] INFO  com.friend.friend.Friend - [InitThread] Initializing System Commands...
2025-12-09 08:13:24.781 [Heavy-Init-Thread] INFO  com.friend.friend.Friend - [InitThread] Initializing other command groups...
2025-12-09 08:13:24.982 [Heavy-Init-Thread] INFO  com.friend.friend.PluginLoader - Plugins directory does not exist: C:\Users\nanua\OneDrive\Desktop\PROJECT\Friend\plugins
2025-12-09 08:13:25.565 [AWT-EventQueue-0] INFO  com.friend.friend.Friend - Friend is ready. Running in background.
2025-12-09 08:18:54.541 [Thread-3] INFO  com.friend.friend.SettingsManager - Settings loaded from settings.json
2025-12-09 08:18:54.605 [Thread-3] WARN  com.friend.friend.Friend - [Main] JavaFX Platform already running or failed startup check.
java.lang.IllegalStateException: Toolkit already initialized
	at javafx.graphics@21.0.9/com.sun.javafx.application.PlatformImpl.startup(PlatformImpl.java:186)
	at javafx.graphics@21.0.9/javafx.application.Platform.startup(Platform.java:113)
	at com.friend.friend.Friend.initializeAndStartBrain(Friend.java:67)
	at com.friend.friend.MergedEchoPilotApp.lambda$0(MergedEchoPilotApp.java:154)
	at java.base/java.lang.Thread.run(Thread.java:1583)
2025-12-09 08:18:55.028 [AWT-EventQueue-0] INFO  com.friend.friend.Friend - === Friend Startup ===
2025-12-09 08:18:55.031 [AWT-EventQueue-0] INFO  com.friend.friend.Friend - [Main] Java version: 21.0.6
2025-12-09 08:18:55.032 [AWT-EventQueue-0] INFO  com.friend.friend.Friend - [Main] Initializing JavaFX bridge...
2025-12-09 08:18:55.034 [AWT-EventQueue-0] INFO  com.friend.friend.Friend - [Main] JavaFX bridge initialized (overlay may be disabled).
2025-12-09 08:18:55.034 [AWT-EventQueue-0] INFO  com.friend.friend.Friend - [Main] Creating Swing GUI...
2025-12-09 08:18:55.512 [Heavy-Init-Thread] INFO  com.friend.friend.Friend - [InitThread] Starting heavy service initialization (TTS/Recognizer)...
2025-12-09 08:18:59.699 [Heavy-Init-Thread] INFO  com.friend.friend.Friend - [InitThread] Initializing Media Commands...
2025-12-09 08:18:59.703 [Heavy-Init-Thread] INFO  com.friend.friend.Friend - [InitThread] Initializing System Commands...
2025-12-09 08:18:59.708 [Heavy-Init-Thread] INFO  com.friend.friend.Friend - [InitThread] Initializing other command groups...
2025-12-09 08:18:59.897 [Heavy-Init-Thread] INFO  com.friend.friend.PluginLoader - Plugins directory does not exist: C:\Users\nanua\OneDrive\Desktop\PROJECT\Friend\plugins
2025-12-09 08:18:59.909 [Heavy-Init-Thread] INFO  c.friend.friend.MergedEchoPilotApp - [MergedEchoPilotApp] Starting initialization...
2025-12-09 08:19:00.777 [AWT-EventQueue-0] INFO  com.friend.friend.Friend - Friend is ready. Running in background.
2025-12-09 08:19:04.266 [JavaFX Application Thread] INFO  c.friend.friend.MergedEchoPilotApp - [MergedEchoPilotApp] √ JavaFX components initialized.
2025-12-09 08:20:59.187 [Thread-3] INFO  com.friend.friend.SettingsManager - Settings loaded from settings.json
2025-12-09 08:20:59.195 [Thread-3] WARN  com.friend.friend.Friend - [Main] JavaFX Platform already running or failed startup check.
java.lang.IllegalStateException: Toolkit already initialized
	at javafx.graphics@21.0.9/com.sun.javafx.application.PlatformImpl.startup(PlatformImpl.java:186)
	at javafx.graphics@21.0.9/javafx.application.Platform.startup(Platform.java:113)
	at com.friend.friend.Friend.initializeAndStartBrain(Friend.java:67)
	at com.friend.friend.MergedEchoPilotApp.lambda$0(MergedEchoPilotApp.java:154)
	at java.base/java.lang.Thread.run(Thread.java:1583)
2025-12-09 08:20:59.509 [AWT-EventQueue-0] INFO  com.friend.friend.Friend - === Friend Startup ===
2025-12-09 08:20:59.512 [AWT-EventQueue-0] INFO  com.friend.friend.Friend - [Main] Java version: 21.0.6
2025-12-09 08:20:59.513 [AWT-EventQueue-0] INFO  com.friend.friend.Friend - [Main] Initializing JavaFX bridge...
2025-12-09 08:20:59.513 [AWT-EventQueue-0] INFO  com.friend.friend.Friend - [Main] JavaFX bridge initialized (overlay may be disabled).
2025-12-09 08:20:59.514 [AWT-EventQueue-0] INFO  com.friend.friend.Friend - [Main] Creating Swing GUI...
2025-12-09 08:20:59.926 [Heavy-Init-Thread] INFO  com.friend.friend.Friend - [InitThread] Starting heavy service initialization (TTS/Recognizer)...
2025-12-09 08:21:03.533 [Heavy-Init-Thread] INFO  com.friend.friend.Friend - [InitThread] Initializing Media Commands...
2025-12-09 08:21:03.538 [Heavy-Init-Thread] INFO  com.friend.friend.Friend - [InitThread] Initializing System Commands...
2025-12-09 08:21:03.552 [Heavy-Init-Thread] INFO  com.friend.friend.Friend - [InitThread] Initializing other command groups...
2025-12-09 08:21:03.754 [Heavy-Init-Thread] INFO  com.friend.friend.PluginLoader - Plugins directory does not exist: C:\Users\nanua\OneDrive\Desktop\PROJECT\Friend\plugins
2025-12-09 08:21:03.767 [Heavy-Init-Thread] INFO  c.friend.friend.MergedEchoPilotApp - [MergedEchoPilotApp] Starting initialization...
2025-12-09 08:21:04.444 [JavaFX Application Thread] INFO  c.friend.friend.MergedEchoPilotApp - [MergedEchoPilotApp] √ JavaFX components initialized.
2025-12-09 08:21:05.046 [AWT-EventQueue-0] INFO  com.friend.friend.Friend - Friend is ready. Running in background.
2025-12-09 08:25:07.622 [Thread-3] INFO  com.friend.friend.SettingsManager - Settings loaded from settings.json
2025-12-09 08:25:07.748 [Thread-3] WARN  com.friend.friend.Friend - [Main] JavaFX Platform already running or failed startup check.
java.lang.IllegalStateException: Toolkit already initialized
	at javafx.graphics@21.0.9/com.sun.javafx.application.PlatformImpl.startup(PlatformImpl.java:186)
	at javafx.graphics@21.0.9/javafx.application.Platform.startup(Platform.java:113)
	at com.friend.friend.Friend.initializeAndStartBrain(Friend.java:67)
	at com.friend.friend.MergedEchoPilotApp.lambda$0(MergedEchoPilotApp.java:154)
	at java.base/java.lang.Thread.run(Thread.java:1583)
2025-12-09 08:25:08.121 [AWT-EventQueue-0] INFO  com.friend.friend.Friend - === Friend Startup ===
2025-12-09 08:25:08.124 [AWT-EventQueue-0] INFO  com.friend.friend.Friend - [Main] Java version: 21.0.6
2025-12-09 08:25:08.125 [AWT-EventQueue-0] INFO  com.friend.friend.Friend - [Main] Initializing JavaFX bridge...
2025-12-09 08:25:08.126 [AWT-EventQueue-0] INFO  com.friend.friend.Friend - [Main] JavaFX bridge initialized (overlay may be disabled).
2025-12-09 08:25:08.126 [AWT-EventQueue-0] INFO  com.friend.friend.Friend - [Main] Creating Swing GUI...
2025-12-09 08:25:08.576 [Heavy-Init-Thread] INFO  com.friend.friend.Friend - [InitThread] Starting heavy service initialization (TTS/Recognizer)...
2025-12-09 08:25:12.516 [Heavy-Init-Thread] INFO  com.friend.friend.Friend - [InitThread] Initializing Media Commands...
2025-12-09 08:25:12.523 [Heavy-Init-Thread] INFO  com.friend.friend.Friend - [InitThread] Initializing System Commands...
2025-12-09 08:25:12.526 [Heavy-Init-Thread] INFO  com.friend.friend.Friend - [InitThread] Initializing other command groups...
2025-12-09 08:25:12.710 [Heavy-Init-Thread] INFO  com.friend.friend.PluginLoader - Plugins directory does not exist: C:\Users\nanua\OneDrive\Desktop\PROJECT\Friend\plugins
2025-12-09 08:25:12.723 [Heavy-Init-Thread] INFO  c.friend.friend.MergedEchoPilotApp - [MergedEchoPilotApp] Starting initialization...
2025-12-09 08:25:13.670 [JavaFX Application Thread] INFO  c.friend.friend.MergedEchoPilotApp - [MergedEchoPilotApp] √ JavaFX components initialized.
2025-12-09 08:25:13.821 [AWT-EventQueue-0] INFO  com.friend.friend.Friend - Friend is ready. Running in background.
2025-12-09 08:30:52.563 [Thread-3] INFO  com.friend.friend.SettingsManager - Settings loaded from settings.json
2025-12-09 08:30:52.610 [Thread-3] WARN  com.friend.friend.Friend - [Main] JavaFX Platform already running or failed startup check.
java.lang.IllegalStateException: Toolkit already initialized
	at javafx.graphics@21.0.9/com.sun.javafx.application.PlatformImpl.startup(PlatformImpl.java:186)
	at javafx.graphics@21.0.9/javafx.application.Platform.startup(Platform.java:113)
	at com.friend.friend.Friend.initializeAndStartBrain(Friend.java:67)
	at com.friend.friend.MergedEchoPilotApp.lambda$0(MergedEchoPilotApp.java:154)
	at java.base/java.lang.Thread.run(Thread.java:1583)
2025-12-09 08:30:53.102 [AWT-EventQueue-0] INFO  com.friend.friend.Friend - === Friend Startup ===
2025-12-09 08:30:53.112 [AWT-EventQueue-0] INFO  com.friend.friend.Friend - [Main] Java version: 21.0.6
2025-12-09 08:30:53.114 [AWT-EventQueue-0] INFO  com.friend.friend.Friend - [Main] Initializing JavaFX bridge...
2025-12-09 08:30:53.115 [AWT-EventQueue-0] INFO  com.friend.friend.Friend - [Main] JavaFX bridge initialized (overlay may be disabled).
2025-12-09 08:30:53.115 [AWT-EventQueue-0] INFO  com.friend.friend.Friend - [Main] Creating Swing GUI...
2025-12-09 08:30:53.738 [Heavy-Init-Thread] INFO  com.friend.friend.Friend - [InitThread] Starting heavy service initialization (TTS/Recognizer)...
2025-12-09 08:30:57.731 [Heavy-Init-Thread] INFO  com.friend.friend.Friend - [InitThread] Initializing Media Commands...
2025-12-09 08:30:57.740 [Heavy-Init-Thread] INFO  com.friend.friend.Friend - [InitThread] Initializing System Commands...
2025-12-09 08:30:57.743 [Heavy-Init-Thread] INFO  com.friend.friend.Friend - [InitThread] Initializing other command groups...
2025-12-09 08:30:58.029 [Heavy-Init-Thread] INFO  com.friend.friend.PluginLoader - Plugins directory does not exist: C:\Users\nanua\OneDrive\Desktop\PROJECT\Friend\plugins
2025-12-09 08:30:58.050 [Heavy-Init-Thread] INFO  c.friend.friend.MergedEchoPilotApp - [MergedEchoPilotApp] Starting initialization...
2025-12-09 08:30:58.915 [JavaFX Application Thread] INFO  c.friend.friend.MergedEchoPilotApp - [MergedEchoPilotApp] √ JavaFX components initialized.
2025-12-09 08:30:59.188 [AWT-EventQueue-0] INFO  com.friend.friend.Friend - Friend is ready. Running in background.
2025-12-09 08:33:34.453 [Thread-3] INFO  com.friend.friend.SettingsManager - Settings loaded from settings.json
2025-12-09 08:33:34.458 [Thread-3] WARN  com.friend.friend.Friend - [Main] JavaFX Platform already running or failed startup check.
java.lang.IllegalStateException: Toolkit already initialized
	at javafx.graphics@21.0.9/com.sun.javafx.application.PlatformImpl.startup(PlatformImpl.java:186)
	at javafx.graphics@21.0.9/javafx.application.Platform.startup(Platform.java:113)
	at com.friend.friend.Friend.initializeAndStartBrain(Friend.java:67)
	at com.friend.friend.MergedEchoPilotApp.lambda$0(MergedEchoPilotApp.java:154)
	at java.base/java.lang.Thread.run(Thread.java:1583)
2025-12-09 08:33:34.672 [AWT-EventQueue-0] INFO  com.friend.friend.Friend - === Friend Startup ===
2025-12-09 08:33:34.673 [AWT-EventQueue-0] INFO  com.friend.friend.Friend - [Main] Java version: 21.0.6
2025-12-09 08:33:34.676 [AWT-EventQueue-0] INFO  com.friend.friend.Friend - [Main] Initializing JavaFX bridge...
2025-12-09 08:33:34.678 [AWT-EventQueue-0] INFO  com.friend.friend.Friend - [Main] JavaFX bridge initialized (overlay may be disabled).
2025-12-09 08:33:34.679 [AWT-EventQueue-0] INFO  com.friend.friend.Friend - [Main] Creating Swing GUI...
2025-12-09 08:33:35.172 [Heavy-Init-Thread] INFO  com.friend.friend.Friend - [InitThread] Starting heavy service initialization (TTS/Recognizer)...
2025-12-09 08:33:39.023 [Heavy-Init-Thread] INFO  com.friend.friend.Friend - [InitThread] Initializing Media Commands...
2025-12-09 08:33:39.030 [Heavy-Init-Thread] INFO  com.friend.friend.Friend - [InitThread] Initializing System Commands...
2025-12-09 08:33:39.035 [Heavy-Init-Thread] INFO  com.friend.friend.Friend - [InitThread] Initializing other command groups...
2025-12-09 08:33:39.204 [Heavy-Init-Thread] INFO  com.friend.friend.PluginLoader - Plugins directory does not exist: C:\Users\nanua\OneDrive\Desktop\PROJECT\Friend\plugins
2025-12-09 08:33:39.220 [Heavy-Init-Thread] INFO  c.friend.friend.MergedEchoPilotApp - [MergedEchoPilotApp] Starting initialization...
2025-12-09 08:33:39.948 [JavaFX Application Thread] INFO  c.friend.friend.MergedEchoPilotApp - [MergedEchoPilotApp] √ JavaFX components initialized.
2025-12-09 08:33:40.106 [AWT-EventQueue-0] INFO  com.friend.friend.Friend - Friend is ready. Running in background.
2025-12-09 08:37:54.165 [Thread-3] INFO  com.friend.friend.SettingsManager - Settings loaded from settings.json
2025-12-09 08:37:54.173 [Thread-3] WARN  com.friend.friend.Friend - [Main] JavaFX Platform already running or failed startup check.
java.lang.IllegalStateException: Toolkit already initialized
	at javafx.graphics@21.0.9/com.sun.javafx.application.PlatformImpl.startup(PlatformImpl.java:186)
	at javafx.graphics@21.0.9/javafx.application.Platform.startup(Platform.java:113)
	at com.friend.friend.Friend.initializeAndStartBrain(Friend.java:67)
	at com.friend.friend.MergedEchoPilotApp.lambda$0(MergedEchoPilotApp.java:154)
	at java.base/java.lang.Thread.run(Thread.java:1583)
2025-12-09 08:37:54.404 [AWT-EventQueue-0] INFO  com.friend.friend.Friend - === Friend Startup ===
2025-12-09 08:37:54.405 [AWT-EventQueue-0] INFO  com.friend.friend.Friend - [Main] Java version: 21.0.6
2025-12-09 08:37:54.405 [AWT-EventQueue-0] INFO  com.friend.friend.Friend - [Main] Initializing JavaFX bridge...
2025-12-09 08:37:54.406 [AWT-EventQueue-0] INFO  com.friend.friend.Friend - [Main] JavaFX bridge initialized (overlay may be disabled).
2025-12-09 08:37:54.406 [AWT-EventQueue-0] INFO  com.friend.friend.Friend - [Main] Creating Swing GUI...
2025-12-09 08:37:54.957 [Heavy-Init-Thread] INFO  com.friend.friend.Friend - [InitThread] Starting heavy service initialization (TTS/Recognizer)...
2025-12-09 08:37:58.577 [Heavy-Init-Thread] INFO  com.friend.friend.Friend - [InitThread] Initializing Media Commands...
2025-12-09 08:37:58.583 [Heavy-Init-Thread] INFO  com.friend.friend.Friend - [InitThread] Initializing System Commands...
2025-12-09 08:37:58.590 [Heavy-Init-Thread] INFO  com.friend.friend.Friend - [InitThread] Initializing other command groups...
2025-12-09 08:37:58.805 [Heavy-Init-Thread] INFO  com.friend.friend.PluginLoader - Plugins directory does not exist: C:\Users\nanua\OneDrive\Desktop\PROJECT\Friend\plugins
2025-12-09 08:37:58.823 [Heavy-Init-Thread] INFO  c.friend.friend.MergedEchoPilotApp - [MergedEchoPilotApp] Starting initialization...
2025-12-09 08:37:59.810 [JavaFX Application Thread] INFO  c.friend.friend.MergedEchoPilotApp - [MergedEchoPilotApp] √ JavaFX components initialized.
2025-12-09 08:37:59.980 [AWT-EventQueue-0] INFO  com.friend.friend.Friend - Friend is ready. Running in background.
2025-12-09 08:43:18.339 [Thread-3] INFO  com.friend.friend.SettingsManager - Settings loaded from settings.json
2025-12-09 08:43:18.666 [Thread-3] WARN  com.friend.friend.Friend - [Main] JavaFX Platform already running or failed startup check.
java.lang.IllegalStateException: Toolkit already initialized
	at javafx.graphics@21.0.9/com.sun.javafx.application.PlatformImpl.startup(PlatformImpl.java:186)
	at javafx.graphics@21.0.9/javafx.application.Platform.startup(Platform.java:113)
	at com.friend.friend.Friend.initializeAndStartBrain(Friend.java:67)
	at com.friend.friend.MergedEchoPilotApp.lambda$0(MergedEchoPilotApp.java:158)
	at java.base/java.lang.Thread.run(Thread.java:1583)
2025-12-09 08:43:19.068 [AWT-EventQueue-0] INFO  com.friend.friend.Friend - === Friend Startup ===
2025-12-09 08:43:19.098 [AWT-EventQueue-0] INFO  com.friend.friend.Friend - [Main] Java version: 21.0.6
2025-12-09 08:43:19.099 [AWT-EventQueue-0] INFO  com.friend.friend.Friend - [Main] Initializing JavaFX bridge...
2025-12-09 08:43:19.124 [AWT-EventQueue-0] INFO  com.friend.friend.Friend - [Main] JavaFX bridge initialized (overlay may be disabled).
2025-12-09 08:43:19.124 [AWT-EventQueue-0] INFO  com.friend.friend.Friend - [Main] Creating Swing GUI...
2025-12-09 08:43:20.057 [Heavy-Init-Thread] INFO  com.friend.friend.Friend - [InitThread] Starting heavy service initialization (TTS/Recognizer)...
2025-12-09 08:43:24.766 [Heavy-Init-Thread] INFO  com.friend.friend.Friend - [InitThread] Initializing Media Commands...
2025-12-09 08:43:24.791 [Heavy-Init-Thread] INFO  com.friend.friend.Friend - [InitThread] Initializing System Commands...
2025-12-09 08:43:24.809 [Heavy-Init-Thread] INFO  com.friend.friend.Friend - [InitThread] Initializing other command groups...
2025-12-09 08:43:25.175 [Heavy-Init-Thread] INFO  com.friend.friend.PluginLoader - Plugins directory does not exist: C:\Users\nanua\OneDrive\Desktop\PROJECT\Friend\plugins
2025-12-09 08:43:25.186 [Heavy-Init-Thread] INFO  c.friend.friend.MergedEchoPilotApp - [MergedEchoPilotApp] Starting initialization...
2025-12-09 08:43:26.243 [AWT-EventQueue-0] INFO  com.friend.friend.Friend - Friend is ready. Running in background.
2025-12-09 08:43:26.531 [JavaFX Application Thread] INFO  c.friend.friend.MergedEchoPilotApp - [MergedEchoPilotApp] √ JavaFX components initialized.
2025-12-09 14:56:09.286 [Thread-3] INFO  com.friend.friend.SettingsManager - Settings loaded from settings.json
2025-12-09 14:56:09.347 [Thread-3] WARN  com.friend.friend.Friend - [Main] JavaFX Platform already running or failed startup check.
java.lang.IllegalStateException: Toolkit already initialized
	at javafx.graphics@21.0.9/com.sun.javafx.application.PlatformImpl.startup(PlatformImpl.java:186)
	at javafx.graphics@21.0.9/javafx.application.Platform.startup(Platform.java:113)
	at com.friend.friend.Friend.initializeAndStartBrain(Friend.java:67)
	at com.friend.friend.MergedEchoPilotApp.lambda$0(MergedEchoPilotApp.java:158)
	at java.base/java.lang.Thread.run(Thread.java:1583)
2025-12-09 14:56:09.687 [AWT-EventQueue-0] INFO  com.friend.friend.Friend - === Friend Startup ===
2025-12-09 14:56:09.692 [AWT-EventQueue-0] INFO  com.friend.friend.Friend - [Main] Java version: 21.0.6
2025-12-09 14:56:09.693 [AWT-EventQueue-0] INFO  com.friend.friend.Friend - [Main] Initializing JavaFX bridge...
2025-12-09 14:56:09.695 [AWT-EventQueue-0] INFO  com.friend.friend.Friend - [Main] JavaFX bridge initialized (overlay may be disabled).
2025-12-09 14:56:09.696 [AWT-EventQueue-0] INFO  com.friend.friend.Friend - [Main] Creating Swing GUI...
2025-12-09 14:56:10.205 [Heavy-Init-Thread] INFO  com.friend.friend.Friend - [InitThread] Starting heavy service initialization (TTS/Recognizer)...
2025-12-09 14:56:14.576 [Heavy-Init-Thread] INFO  com.friend.friend.Friend - [InitThread] Initializing Media Commands...
2025-12-09 14:56:14.602 [Heavy-Init-Thread] INFO  com.friend.friend.Friend - [InitThread] Initializing System Commands...
2025-12-09 14:56:14.726 [Heavy-Init-Thread] INFO  com.friend.friend.Friend - [InitThread] Initializing other command groups...
2025-12-09 14:56:15.113 [Heavy-Init-Thread] INFO  com.friend.friend.PluginLoader - Plugins directory does not exist: C:\Users\nanua\OneDrive\Desktop\PROJECT\Friend\plugins
2025-12-09 14:56:15.140 [Heavy-Init-Thread] INFO  c.friend.friend.MergedEchoPilotApp - [MergedEchoPilotApp] Starting initialization...
2025-12-09 14:56:16.306 [JavaFX Application Thread] INFO  c.friend.friend.MergedEchoPilotApp - [MergedEchoPilotApp] √ JavaFX components initialized.
2025-12-09 14:56:16.327 [AWT-EventQueue-0] INFO  com.friend.friend.Friend - Friend is ready. Running in background.
2025-12-09 15:18:23.267 [Thread-3] INFO  com.friend.friend.SettingsManager - Settings loaded from settings.json
2025-12-09 15:18:23.273 [Thread-3] WARN  com.friend.friend.Friend - [Main] JavaFX Platform already running or failed startup check.
java.lang.IllegalStateException: Toolkit already initialized
	at javafx.graphics@21.0.9/com.sun.javafx.application.PlatformImpl.startup(PlatformImpl.java:186)
	at javafx.graphics@21.0.9/javafx.application.Platform.startup(Platform.java:113)
	at com.friend.friend.Friend.initializeAndStartBrain(Friend.java:67)
	at com.friend.friend.MergedEchoPilotApp.lambda$0(MergedEchoPilotApp.java:158)
	at java.base/java.lang.Thread.run(Thread.java:1583)
2025-12-09 15:18:23.556 [AWT-EventQueue-0] INFO  com.friend.friend.Friend - === Friend Startup ===
2025-12-09 15:18:23.558 [AWT-EventQueue-0] INFO  com.friend.friend.Friend - [Main] Java version: 21.0.6
2025-12-09 15:18:23.558 [AWT-EventQueue-0] INFO  com.friend.friend.Friend - [Main] Initializing JavaFX bridge...
2025-12-09 15:18:23.559 [AWT-EventQueue-0] INFO  com.friend.friend.Friend - [Main] JavaFX bridge initialized (overlay may be disabled).
2025-12-09 15:18:23.562 [AWT-EventQueue-0] INFO  com.friend.friend.Friend - [Main] Creating Swing GUI...
2025-12-09 15:18:24.049 [Heavy-Init-Thread] INFO  com.friend.friend.Friend - [InitThread] Starting heavy service initialization (TTS/Recognizer)...
2025-12-09 15:18:28.142 [Heavy-Init-Thread] INFO  com.friend.friend.Friend - [InitThread] Initializing Media Commands...
2025-12-09 15:18:28.155 [Heavy-Init-Thread] INFO  com.friend.friend.Friend - [InitThread] Initializing System Commands...
2025-12-09 15:18:28.176 [Heavy-Init-Thread] INFO  com.friend.friend.Friend - [InitThread] Initializing other command groups...
2025-12-09 15:18:28.425 [Heavy-Init-Thread] INFO  com.friend.friend.PluginLoader - Plugins directory does not exist: C:\Users\nanua\OneDrive\Desktop\PROJECT\Friend\plugins
2025-12-09 15:18:28.440 [Heavy-Init-Thread] INFO  c.friend.friend.MergedEchoPilotApp - [MergedEchoPilotApp] Starting initialization...
2025-12-09 15:18:29.722 [AWT-EventQueue-0] INFO  com.friend.friend.Friend - Friend is ready. Running in background.
2025-12-09 15:18:48.154 [JavaFX Application Thread] INFO  c.friend.friend.MergedEchoPilotApp - [MergedEchoPilotApp] √ JavaFX components initialized.
2025-12-09 15:35:37.114 [Thread-3] INFO  com.friend.friend.SettingsManager - Settings loaded from settings.json
2025-12-09 15:35:37.210 [Thread-3] WARN  com.friend.friend.Friend - [Main] JavaFX Platform already running or failed startup check.
java.lang.IllegalStateException: Toolkit already initialized
	at javafx.graphics@21.0.9/com.sun.javafx.application.PlatformImpl.startup(PlatformImpl.java:186)
	at javafx.graphics@21.0.9/javafx.application.Platform.startup(Platform.java:113)
	at com.friend.friend.Friend.initializeAndStartBrain(Friend.java:67)
	at com.friend.friend.MergedEchoPilotApp.lambda$0(MergedEchoPilotApp.java:156)
	at java.base/java.lang.Thread.run(Thread.java:1583)
2025-12-09 15:35:37.740 [AWT-EventQueue-0] INFO  com.friend.friend.Friend - === Friend Startup ===
2025-12-09 15:35:37.741 [AWT-EventQueue-0] INFO  com.friend.friend.Friend - [Main] Java version: 21.0.6
2025-12-09 15:35:37.742 [AWT-EventQueue-0] INFO  com.friend.friend.Friend - [Main] Initializing JavaFX bridge...
2025-12-09 15:35:37.742 [AWT-EventQueue-0] INFO  com.friend.friend.Friend - [Main] JavaFX bridge initialized (overlay may be disabled).
2025-12-09 15:35:37.743 [AWT-EventQueue-0] INFO  com.friend.friend.Friend - [Main] Creating Swing GUI...
2025-12-09 15:35:38.103 [Heavy-Init-Thread] INFO  com.friend.friend.Friend - [InitThread] Starting heavy service initialization (TTS/Recognizer)...
2025-12-09 15:35:44.255 [Heavy-Init-Thread] INFO  com.friend.friend.Friend - [InitThread] Initializing Media Commands...
2025-12-09 15:35:44.264 [Heavy-Init-Thread] INFO  com.friend.friend.Friend - [InitThread] Initializing System Commands...
2025-12-09 15:35:44.270 [Heavy-Init-Thread] INFO  com.friend.friend.Friend - [InitThread] Initializing other command groups...
2025-12-09 15:35:44.472 [Heavy-Init-Thread] INFO  com.friend.friend.PluginLoader - Plugins directory does not exist: C:\Users\nanua\OneDrive\Desktop\PROJECT\Friend\plugins
2025-12-09 15:35:44.485 [Heavy-Init-Thread] INFO  c.friend.friend.MergedEchoPilotApp - [MergedEchoPilotApp] Starting initialization...
2025-12-09 15:35:45.553 [AWT-EventQueue-0] INFO  com.friend.friend.Friend - Friend is ready. Running in background.
2025-12-09 15:35:45.752 [JavaFX Application Thread] INFO  c.friend.friend.MergedEchoPilotApp - [MergedEchoPilotApp] √ JavaFX components initialized.
2025-12-09 15:45:36.919 [main] INFO  com.friend.friend.SettingsManager - Settings loaded from settings.json
2025-12-09 15:45:37.701 [main] INFO  com.friend.friend.Friend - [Main] JavaFX Platform started successfully.
2025-12-09 15:45:37.826 [AWT-EventQueue-0] INFO  com.friend.friend.Friend - === Friend Startup ===
2025-12-09 15:45:37.827 [AWT-EventQueue-0] INFO  com.friend.friend.Friend - [Main] Java version: 21.0.6
2025-12-09 15:45:37.827 [AWT-EventQueue-0] INFO  com.friend.friend.Friend - [Main] Initializing JavaFX bridge...
2025-12-09 15:45:37.827 [AWT-EventQueue-0] INFO  com.friend.friend.Friend - [Main] JavaFX bridge initialized (overlay may be disabled).
2025-12-09 15:45:37.827 [AWT-EventQueue-0] INFO  com.friend.friend.Friend - [Main] Creating Swing GUI...
2025-12-09 15:45:39.107 [Heavy-Init-Thread] INFO  com.friend.friend.Friend - [InitThread] Starting heavy service initialization (TTS/Recognizer)...
2025-12-09 15:45:43.759 [Heavy-Init-Thread] INFO  com.friend.friend.Friend - [InitThread] Initializing Media Commands...
2025-12-09 15:45:43.766 [Heavy-Init-Thread] INFO  com.friend.friend.Friend - [InitThread] Initializing System Commands...
2025-12-09 15:45:43.781 [Heavy-Init-Thread] INFO  com.friend.friend.Friend - [InitThread] Initializing other command groups...
2025-12-09 15:45:44.049 [Heavy-Init-Thread] INFO  com.friend.friend.PluginLoader - Plugins directory does not exist: C:\Users\nanua\OneDrive\Desktop\PROJECT\Friend\plugins
2025-12-09 15:45:44.062 [Heavy-Init-Thread] INFO  c.friend.friend.MergedEchoPilotApp - [MergedEchoPilotApp] Starting initialization...
2025-12-09 15:45:45.990 [AWT-EventQueue-0] INFO  com.friend.friend.Friend - Friend is ready. Running in background.
2025-12-09 15:46:02.560 [Thread-3] INFO  com.friend.friend.SettingsManager - Settings loaded from settings.json
2025-12-09 15:46:02.580 [Thread-3] WARN  com.friend.friend.Friend - [Main] JavaFX Platform already running or failed startup check.
java.lang.IllegalStateException: Toolkit already initialized
	at javafx.graphics@21.0.9/com.sun.javafx.application.PlatformImpl.startup(PlatformImpl.java:186)
	at javafx.graphics@21.0.9/javafx.application.Platform.startup(Platform.java:113)
	at com.friend.friend.Friend.initializeAndStartBrain(Friend.java:67)
	at com.friend.friend.MergedEchoPilotApp.lambda$0(MergedEchoPilotApp.java:156)
	at java.base/java.lang.Thread.run(Thread.java:1583)
2025-12-09 15:46:02.913 [AWT-EventQueue-0] INFO  com.friend.friend.Friend - === Friend Startup ===
2025-12-09 15:46:02.914 [AWT-EventQueue-0] INFO  com.friend.friend.Friend - [Main] Java version: 21.0.6
2025-12-09 15:46:02.916 [AWT-EventQueue-0] INFO  com.friend.friend.Friend - [Main] Initializing JavaFX bridge...
2025-12-09 15:46:02.919 [AWT-EventQueue-0] INFO  com.friend.friend.Friend - [Main] JavaFX bridge initialized (overlay may be disabled).
2025-12-09 15:46:02.919 [AWT-EventQueue-0] INFO  com.friend.friend.Friend - [Main] Creating Swing GUI...
2025-12-09 15:46:03.303 [Heavy-Init-Thread] INFO  com.friend.friend.Friend - [InitThread] Starting heavy service initialization (TTS/Recognizer)...
2025-12-09 15:46:06.465 [Heavy-Init-Thread] INFO  com.friend.friend.Friend - [InitThread] Initializing Media Commands...
2025-12-09 15:46:06.471 [Heavy-Init-Thread] INFO  com.friend.friend.Friend - [InitThread] Initializing System Commands...
2025-12-09 15:46:06.484 [Heavy-Init-Thread] INFO  com.friend.friend.Friend - [InitThread] Initializing other command groups...
2025-12-09 15:46:06.671 [Heavy-Init-Thread] INFO  com.friend.friend.PluginLoader - Plugins directory does not exist: C:\Users\nanua\OneDrive\Desktop\PROJECT\Friend\plugins
2025-12-09 15:46:06.688 [Heavy-Init-Thread] INFO  c.friend.friend.MergedEchoPilotApp - [MergedEchoPilotApp] Starting initialization...
2025-12-09 15:46:07.365 [AWT-EventQueue-0] INFO  com.friend.friend.Friend - Friend is ready. Running in background.
2025-12-09 15:46:20.571 [JavaFX Application Thread] INFO  c.friend.friend.MergedEchoPilotApp - [MergedEchoPilotApp] √ JavaFX components initialized.
2025-12-09 15:54:34.365 [main] INFO  com.friend.friend.SettingsManager - Settings loaded from settings.json
2025-12-09 15:54:35.128 [main] INFO  com.friend.friend.Friend - [Main] JavaFX Platform started successfully.
2025-12-09 15:54:35.325 [AWT-EventQueue-0] INFO  com.friend.friend.Friend - === Friend Startup ===
2025-12-09 15:54:35.330 [AWT-EventQueue-0] INFO  com.friend.friend.Friend - [Main] Java version: 21.0.6
2025-12-09 15:54:35.332 [AWT-EventQueue-0] INFO  com.friend.friend.Friend - [Main] Initializing JavaFX bridge...
2025-12-09 15:54:35.375 [AWT-EventQueue-0] INFO  com.friend.friend.Friend - [Main] JavaFX bridge initialized (overlay may be disabled).
2025-12-09 15:54:35.377 [AWT-EventQueue-0] INFO  com.friend.friend.Friend - [Main] Creating Swing GUI...
2025-12-09 15:54:37.223 [Heavy-Init-Thread] INFO  com.friend.friend.Friend - [InitThread] Starting heavy service initialization (TTS/Recognizer)...
2025-12-09 15:54:41.689 [Heavy-Init-Thread] INFO  com.friend.friend.Friend - [InitThread] Initializing Media Commands...
2025-12-09 15:54:41.700 [Heavy-Init-Thread] INFO  com.friend.friend.Friend - [InitThread] Initializing System Commands...
2025-12-09 15:54:41.741 [Heavy-Init-Thread] INFO  com.friend.friend.Friend - [InitThread] Initializing other command groups...
2025-12-09 15:54:42.502 [Heavy-Init-Thread] INFO  com.friend.friend.PluginLoader - Plugins directory does not exist: C:\Users\nanua\OneDrive\Desktop\PROJECT\Friend\plugins
2025-12-09 15:54:42.509 [Heavy-Init-Thread] ERROR com.friend.friend.Friend - [InitThread] Fatal error during startup
java.lang.RuntimeException: Error: class com.friend.friend.Friend is not a subclass of javafx.application.Application
	at javafx.application.Application.launch(Application.java:305)
	at com.friend.friend.Friend.lambda$2(Friend.java:188)
	at java.base/java.lang.Thread.run(Thread.java:1583)
2025-12-09 15:54:42.521 [Heavy-Init-Thread] ERROR com.friend.friend.ErrorReporter - [FriendStartup] Exception occurred
java.lang.RuntimeException: Error: class com.friend.friend.Friend is not a subclass of javafx.application.Application
	at javafx.application.Application.launch(Application.java:305)
	at com.friend.friend.Friend.lambda$2(Friend.java:188)
	at java.base/java.lang.Thread.run(Thread.java:1583)
2025-12-09 15:57:05.140 [main] INFO  com.friend.friend.SettingsManager - Settings loaded from settings.json
2025-12-09 15:57:06.106 [main] INFO  com.friend.friend.Friend - [Main] JavaFX Platform started successfully.
2025-12-09 15:57:06.327 [AWT-EventQueue-0] INFO  com.friend.friend.Friend - === Friend Startup ===
2025-12-09 15:57:06.330 [AWT-EventQueue-0] INFO  com.friend.friend.Friend - [Main] Java version: 21.0.6
2025-12-09 15:57:06.335 [AWT-EventQueue-0] INFO  com.friend.friend.Friend - [Main] Initializing JavaFX bridge...
2025-12-09 15:57:06.349 [AWT-EventQueue-0] INFO  com.friend.friend.Friend - [Main] JavaFX bridge initialized (overlay may be disabled).
2025-12-09 15:57:06.365 [AWT-EventQueue-0] INFO  com.friend.friend.Friend - [Main] Creating Swing GUI...
2025-12-09 15:57:08.030 [Heavy-Init-Thread] INFO  com.friend.friend.Friend - [InitThread] Starting heavy service initialization (TTS/Recognizer)...
2025-12-09 15:57:12.294 [Heavy-Init-Thread] INFO  com.friend.friend.Friend - [InitThread] Initializing Media Commands...
2025-12-09 15:57:12.302 [Heavy-Init-Thread] INFO  com.friend.friend.Friend - [InitThread] Initializing System Commands...
2025-12-09 15:57:12.315 [Heavy-Init-Thread] INFO  com.friend.friend.Friend - [InitThread] Initializing other command groups...
2025-12-09 15:57:12.494 [Heavy-Init-Thread] INFO  com.friend.friend.PluginLoader - Plugins directory does not exist: C:\Users\nanua\OneDrive\Desktop\PROJECT\Friend\plugins
2025-12-09 15:57:12.503 [Heavy-Init-Thread] ERROR com.friend.friend.Friend - [InitThread] Fatal error during startup
java.lang.RuntimeException: Error: class com.friend.friend.Friend is not a subclass of javafx.application.Application
	at javafx.application.Application.launch(Application.java:305)
	at com.friend.friend.Friend.lambda$2(Friend.java:188)
	at java.base/java.lang.Thread.run(Thread.java:1583)
2025-12-09 15:57:12.529 [Heavy-Init-Thread] ERROR com.friend.friend.ErrorReporter - [FriendStartup] Exception occurred
java.lang.RuntimeException: Error: class com.friend.friend.Friend is not a subclass of javafx.application.Application
	at javafx.application.Application.launch(Application.java:305)
	at com.friend.friend.Friend.lambda$2(Friend.java:188)
	at java.base/java.lang.Thread.run(Thread.java:1583)
2025-12-09 17:13:46.635 [main] INFO  com.friend.friend.Friend - [Main] JavaFX Platform started successfully.
2025-12-09 17:13:46.684 [GUI-Launch-Thread] INFO  com.friend.friend.Friend - === Friend Startup ===
2025-12-09 17:13:46.700 [GUI-Launch-Thread] INFO  com.friend.friend.Friend - [Main] Java version: 21.0.6
2025-12-09 17:13:52.114 [main] INFO  com.friend.friend.SettingsManager - Settings loaded from settings.json
2025-12-09 17:13:52.220 [Heavy-Init-Thread] INFO  com.friend.friend.Friend - [InitThread] Starting heavy service initialization (TTS/Recognizer)...
2025-12-09 17:14:11.774 [Heavy-Init-Thread] INFO  c.friend.friend.MergedEchoPilotApp - [MergedEchoPilotApp] Starting initialization...
2025-12-09 17:14:11.787 [Heavy-Init-Thread] INFO  com.friend.friend.Friend - [InitThread] Initializing Media Commands...
2025-12-09 17:14:11.797 [Heavy-Init-Thread] INFO  com.friend.friend.Friend - [InitThread] Initializing System Commands...
2025-12-09 17:14:12.069 [Heavy-Init-Thread] INFO  com.friend.friend.Friend - [InitThread] Initializing other command groups...
2025-12-09 17:14:12.258 [Heavy-Init-Thread] INFO  com.friend.friend.PluginLoader - Plugins directory does not exist: C:\Users\nanua\OneDrive\Desktop\PROJECT\Friend\plugins
2025-12-09 17:14:12.987 [Heavy-Init-Thread] INFO  com.friend.friend.Friend - Friend is ready. Running in background.
2025-12-09 17:14:14.038 [JavaFX Application Thread] INFO  c.friend.friend.MergedEchoPilotApp - [MergedEchoPilotApp] √ JavaFX components initialized.
2025-12-09 17:21:46.996 [main] INFO  com.friend.friend.Friend - [Main] JavaFX Platform started successfully.
2025-12-09 17:21:47.021 [GUI-Launch-Thread] INFO  com.friend.friend.Friend - === Friend Startup ===
2025-12-09 17:21:47.022 [GUI-Launch-Thread] INFO  com.friend.friend.Friend - [Main] Java version: 21.0.6
2025-12-09 17:21:50.054 [main] INFO  com.friend.friend.SettingsManager - Settings loaded from settings.json
2025-12-09 17:21:50.068 [Heavy-Init-Thread] INFO  com.friend.friend.Friend - [InitThread] Starting heavy service initialization (TTS/Recognizer)...
2025-12-09 17:23:25.537 [main] INFO  com.friend.friend.Friend - [Main] JavaFX Platform started successfully.
2025-12-09 17:23:25.542 [GUI-Launch-Thread] INFO  com.friend.friend.Friend - === Friend Startup ===
2025-12-09 17:23:25.543 [GUI-Launch-Thread] INFO  com.friend.friend.Friend - [Main] Java version: 21.0.6
2025-12-09 17:23:27.749 [main] INFO  com.friend.friend.SettingsManager - Settings loaded from settings.json
2025-12-09 17:23:27.967 [Heavy-Init-Thread] INFO  com.friend.friend.Friend - [InitThread] Starting heavy service initialization (TTS/Recognizer)...
2025-12-09 17:23:34.098 [Heavy-Init-Thread] INFO  c.friend.friend.MergedEchoPilotApp - [MergedEchoPilotApp] Starting initialization...
2025-12-09 17:23:34.100 [Heavy-Init-Thread] INFO  com.friend.friend.Friend - [InitThread] Initializing Media Commands...
2025-12-09 17:23:34.111 [Heavy-Init-Thread] INFO  com.friend.friend.Friend - [InitThread] Initializing System Commands...
2025-12-09 17:23:34.114 [Heavy-Init-Thread] INFO  com.friend.friend.Friend - [InitThread] Initializing other command groups...
2025-12-09 17:23:34.299 [Heavy-Init-Thread] INFO  com.friend.friend.PluginLoader - Plugins directory does not exist: C:\Users\nanua\OneDrive\Desktop\PROJECT\Friend\plugins
2025-12-09 17:23:34.313 [Heavy-Init-Thread] INFO  com.friend.friend.Friend - Friend is ready. Running in background.
2025-12-09 17:23:40.119 [JavaFX Application Thread] INFO  c.friend.friend.MergedEchoPilotApp - [MergedEchoPilotApp] √ JavaFX components initialized.
2025-12-09 17:32:27.861 [main] INFO  com.friend.friend.Friend - [Main] JavaFX Platform started successfully.
2025-12-09 17:32:27.865 [GUI-Launch-Thread] INFO  com.friend.friend.Friend - === Friend Startup ===
2025-12-09 17:32:27.866 [GUI-Launch-Thread] INFO  com.friend.friend.Friend - [Main] Java version: 21.0.6
2025-12-09 17:32:30.382 [main] INFO  com.friend.friend.SettingsManager - Settings loaded from settings.json
2025-12-09 17:32:30.413 [Heavy-Init-Thread] INFO  com.friend.friend.Friend - [InitThread] Starting heavy service initialization (TTS/Recognizer)...
2025-12-09 17:32:36.247 [Heavy-Init-Thread] INFO  c.friend.friend.MergedEchoPilotApp - [MergedEchoPilotApp] Starting initialization...
2025-12-09 17:32:36.249 [Heavy-Init-Thread] INFO  com.friend.friend.Friend - [InitThread] Initializing Media Commands...
2025-12-09 17:32:36.255 [Heavy-Init-Thread] INFO  com.friend.friend.Friend - [InitThread] Initializing System Commands...
2025-12-09 17:32:36.261 [Heavy-Init-Thread] INFO  com.friend.friend.Friend - [InitThread] Initializing other command groups...
2025-12-09 17:32:36.439 [Heavy-Init-Thread] INFO  com.friend.friend.PluginLoader - Plugins directory does not exist: C:\Users\nanua\OneDrive\Desktop\PROJECT\Friend\plugins
2025-12-09 17:32:36.453 [Heavy-Init-Thread] INFO  com.friend.friend.Friend - Friend is ready. Running in background.
2025-12-09 17:32:42.282 [JavaFX Application Thread] INFO  c.friend.friend.MergedEchoPilotApp - [MergedEchoPilotApp] √ JavaFX components initialized.
2025-12-09 17:45:38.056 [main] INFO  com.friend.friend.Friend - [Main] JavaFX Platform started successfully.
2025-12-09 17:45:38.062 [GUI-Launch-Thread] INFO  com.friend.friend.Friend - === Friend Startup ===
2025-12-09 17:45:38.063 [GUI-Launch-Thread] INFO  com.friend.friend.Friend - [Main] Java version: 21.0.6
2025-12-09 17:45:40.896 [main] INFO  com.friend.friend.SettingsManager - Settings loaded from settings.json
2025-12-09 17:45:40.923 [Heavy-Init-Thread] INFO  com.friend.friend.Friend - [InitThread] Starting heavy service initialization (TTS/Recognizer)...
2025-12-09 17:45:46.189 [Heavy-Init-Thread] INFO  c.friend.friend.MergedEchoPilotApp - [MergedEchoPilotApp] Starting initialization...
2025-12-09 17:45:46.192 [Heavy-Init-Thread] INFO  com.friend.friend.Friend - [InitThread] Initializing Media Commands...
2025-12-09 17:45:46.202 [Heavy-Init-Thread] INFO  com.friend.friend.Friend - [InitThread] Initializing System Commands...
2025-12-09 17:45:46.215 [Heavy-Init-Thread] INFO  com.friend.friend.Friend - [InitThread] Initializing other command groups...
2025-12-09 17:45:46.390 [Heavy-Init-Thread] INFO  com.friend.friend.PluginLoader - Plugins directory does not exist: C:\Users\nanua\OneDrive\Desktop\PROJECT\Friend\plugins
2025-12-09 17:45:46.409 [Heavy-Init-Thread] INFO  com.friend.friend.Friend - Friend is ready. Running in background.
2025-12-09 17:45:51.275 [JavaFX Application Thread] INFO  c.friend.friend.MergedEchoPilotApp - [MergedEchoPilotApp] √ JavaFX components initialized.
2025-12-09 17:47:48.123 [EchoPilotRecognizer-Thread] INFO  com.friend.friend.AppCommands - [AppCommands]: Successfully executed: start msedge
